Component: Arm Compiler for Embedded 6.23 Tool: armlink [5f102400]

==============================================================================

Section Cross References

    main.o(.text.Delay) refers to handlers.o(.bss.msTicks) for msTicks
    main.o(.ARM.exidx.text.Delay) refers to main.o(.text.Delay) for [Anonymous Symbol]
    main.o(.ARM.exidx.text.sendchar_USART2) refers to main.o(.text.sendchar_USART2) for [Anonymous Symbol]
    main.o(.text.main) refers to handlers.o(.bss.msTicks) for msTicks
    main.o(.text.main) refers to init.o(.text.init_USART2) for init_USART2
    main.o(.text.main) refers to puts.o(.text) for puts
    main.o(.text.main) refers to fopen.o(.text) for fopen
    main.o(.text.main) refers to fwritefast.o(.text) for fwrite
    main.o(.text.main) refers to fclose.o(.text) for fclose
    main.o(.ARM.exidx.text.main) refers to main.o(.text.main) for [Anonymous Symbol]
    init.o(.ARM.exidx.text.init_DefaultClock) refers to init.o(.text.init_DefaultClock) for [Anonymous Symbol]
    init.o(.ARM.exidx.text.init_CLOCK) refers to init.o(.text.init_CLOCK) for [Anonymous Symbol]
    init.o(.ARM.exidx.text.init_FlashAccess) refers to init.o(.text.init_FlashAccess) for [Anonymous Symbol]
    init.o(.ARM.exidx.text.init_SysTick) refers to init.o(.text.init_SysTick) for [Anonymous Symbol]
    init.o(.ARM.exidx.text.init_USART2) refers to init.o(.text.init_USART2) for [Anonymous Symbol]
    handlers.o(.text.SysTick_Handler) refers to handlers.o(.bss.msTicks) for msTicks
    handlers.o(.ARM.exidx.text.SysTick_Handler) refers to handlers.o(.text.SysTick_Handler) for [Anonymous Symbol]
    retarget.o(.text) refers (Special) to use_no_semi_2.o(.text) for __use_no_semihosting
    retarget.o(.text._sys_open) refers (Special) to use_no_semi_2.o(.text) for __use_no_semihosting
    retarget.o(.text._sys_open) refers to strncmp.o(.text) for strncmp
    retarget.o(.ARM.exidx.text._sys_open) refers (Special) to use_no_semi_2.o(.text) for __use_no_semihosting
    retarget.o(.ARM.exidx.text._sys_open) refers to retarget.o(.text._sys_open) for [Anonymous Symbol]
    retarget.o(.text._sys_istty) refers (Special) to use_no_semi_2.o(.text) for __use_no_semihosting
    retarget.o(.ARM.exidx.text._sys_istty) refers (Special) to use_no_semi_2.o(.text) for __use_no_semihosting
    retarget.o(.ARM.exidx.text._sys_istty) refers to retarget.o(.text._sys_istty) for [Anonymous Symbol]
    retarget.o(.text._sys_write) refers (Special) to use_no_semi_2.o(.text) for __use_no_semihosting
    retarget.o(.text._sys_write) refers to low_level_morse[4].o(.text.send_char_morse) for send_char_morse
    retarget.o(.text._sys_write) refers to main.o(.text.sendchar_USART2) for sendchar_USART2
    retarget.o(.ARM.exidx.text._sys_write) refers (Special) to use_no_semi_2.o(.text) for __use_no_semihosting
    retarget.o(.ARM.exidx.text._sys_write) refers to retarget.o(.text._sys_write) for [Anonymous Symbol]
    retarget.o(.text._ttywrch) refers (Special) to use_no_semi_2.o(.text) for __use_no_semihosting
    retarget.o(.text._ttywrch) refers to main.o(.text.sendchar_USART2) for sendchar_USART2
    retarget.o(.ARM.exidx.text._ttywrch) refers (Special) to use_no_semi_2.o(.text) for __use_no_semihosting
    retarget.o(.ARM.exidx.text._ttywrch) refers to retarget.o(.text._ttywrch) for [Anonymous Symbol]
    retarget.o(.text.stdout_putchar) refers (Special) to use_no_semi_2.o(.text) for __use_no_semihosting
    retarget.o(.ARM.exidx.text.stdout_putchar) refers (Special) to use_no_semi_2.o(.text) for __use_no_semihosting
    retarget.o(.ARM.exidx.text.stdout_putchar) refers to retarget.o(.text.stdout_putchar) for [Anonymous Symbol]
    retarget.o(.text._sys_close) refers (Special) to use_no_semi_2.o(.text) for __use_no_semihosting
    retarget.o(.ARM.exidx.text._sys_close) refers (Special) to use_no_semi_2.o(.text) for __use_no_semihosting
    retarget.o(.ARM.exidx.text._sys_close) refers to retarget.o(.text._sys_close) for [Anonymous Symbol]
    retarget.o(.text._sys_exit) refers (Special) to use_no_semi_2.o(.text) for __use_no_semihosting
    retarget.o(.ARM.exidx.text._sys_exit) refers (Special) to use_no_semi_2.o(.text) for __use_no_semihosting
    retarget.o(.ARM.exidx.text._sys_exit) refers to retarget.o(.text._sys_exit) for [Anonymous Symbol]
    low_level_morse[4].o(.text.morse_code) refers to low_level_morse[4].o(.data.morse_code.M) for morse_code.M
    low_level_morse[4].o(.text.morse_code) refers to low_level_morse[4].o(.data.morse_code.Mdummy) for morse_code.Mdummy
    low_level_morse[4].o(.ARM.exidx.text.morse_code) refers to low_level_morse[4].o(.text.morse_code) for [Anonymous Symbol]
    low_level_morse[4].o(.text.send_char_morse) refers to low_level_morse[4].o(.data.morse_code.M) for morse_code.M
    low_level_morse[4].o(.text.send_char_morse) refers to low_level_morse[4].o(.data.morse_code.Mdummy) for morse_code.Mdummy
    low_level_morse[4].o(.text.send_char_morse) refers to main.o(.text.Delay) for Delay
[...]
    initio.o(.text) refers to rt_memclr_w.o(.text) for __aeabi_memclr4
    initio.o(.text) refers to fopen.o(.text) for freopen
    initio.o(.text) refers to defsig_rtred_outer.o(.text) for __rt_SIGRTRED
    initio.o(.text) refers to setvbuf.o(.text) for setvbuf
    initio.o(.text) refers to fclose.o(.text) for _fclose_internal
    initio.o(.text) refers to h1_free.o(.text) for free
    initio.o(.text) refers to stdio_streams.o(.bss) for __stdin
    initio.o(.text) refers to stdio_streams.o(.bss) for __stdout
    initio.o(.text) refers to stdio_streams.o(.bss) for __stderr
    initio.o(.text) refers to stdio_streams.o(.data) for __aeabi_stdin
    initio.o(.text) refers to stdio_streams.o(.data) for __aeabi_stdout
    initio.o(.text) refers to stdio_streams.o(.data) for __aeabi_stderr
    initio.o(.text) refers to retarget_io.o(.rodata.__stdin_name) for __stdin_name
    initio.o(.text) refers to retarget_io.o(.rodata.__stdout_name) for __stdout_name
    initio.o(.text) refers to retarget_io.o(.rodata.__stderr_name) for __stderr_name
    initio_locked.o(.text) refers (Special) to libinit2.o(.ARM.Collect$$libinit$$00000026) for __rt_lib_init_stdio_2
    initio_locked.o(.text) refers (Special) to libshutdown2.o(.ARM.Collect$$libshutdown$$00000003) for __rt_lib_shutdown_stdio_2
    initio_locked.o(.text) refers to rt_memclr_w.o(.text) for __aeabi_memclr4
    initio_locked.o(.text) refers to fopen.o(.text) for freopen
    initio_locked.o(.text) refers to defsig_rtred_outer.o(.text) for __rt_SIGRTRED
    initio_locked.o(.text) refers to setvbuf.o(.text) for setvbuf
    initio_locked.o(.text) refers to fclose.o(.text) for _fclose_internal
    initio_locked.o(.text) refers to h1_free.o(.text) for free
    initio_locked.o(.text) refers to stdio_streams.o(.bss) for __stdin
    initio_locked.o(.text) refers to stdio_streams.o(.bss) for __stdout
    initio_locked.o(.text) refers to stdio_streams.o(.bss) for __stderr
    initio_locked.o(.text) refers to stdio_streams.o(.data) for __aeabi_stdin
    initio_locked.o(.text) refers to stdio_streams.o(.data) for __aeabi_stdout
    initio_locked.o(.text) refers to stdio_streams.o(.data) for __aeabi_stderr
    initio_locked.o(.text) refers to streamlock.o(.data) for _stream_list_lock
    initio_locked.o(.text) refers to retarget_io.o(.rodata.__stdin_name) for __stdin_name
    initio_locked.o(.text) refers to retarget_io.o(.rodata.__stdout_name) for __stdout_name
    initio_locked.o(.text) refers to retarget_io.o(.rodata.__stderr_name) for __stderr_name
    _get_argv.o(.text) refers (Special) to hrguard.o(.text) for __heap_region$guard
    _get_argv.o(.text) refers to h1_alloc.o(.text) for malloc
    _get_argv.o(.text) refers to defsig_rtmem_outer.o(.text) for __rt_SIGRTMEM
    _get_argv.o(.text) refers to sys_command.o(.text) for _sys_command_string
    libinit2.o(.ARM.Collect$$libinit$$00000001) refers to fpinit.o(x$fpl$fpinit) for _fp_init
    libinit2.o(.ARM.Collect$$libinit$$00000007) refers (Weak) to init_alloc.o(.text) for _init_alloc
    libinit2.o(.ARM.Collect$$libinit$$00000012) refers to libinit2.o(.ARM.Collect$$libinit$$00000011) for .ARM.Collect$$libinit$$00000011
    libinit2.o(.ARM.Collect$$libinit$$00000014) refers to libinit2.o(.ARM.Collect$$libinit$$00000011) for .ARM.Collect$$libinit$$00000011
    libinit2.o(.ARM.Collect$$libinit$$00000016) refers to libinit2.o(.ARM.Collect$$libinit$$00000011) for .ARM.Collect$$libinit$$00000011
    libinit2.o(.ARM.Collect$$libinit$$00000018) refers to libinit2.o(.ARM.Collect$$libinit$$00000011) for .ARM.Collect$$libinit$$00000011
    libinit2.o(.ARM.Collect$$libinit$$0000001A) refers to libinit2.o(.ARM.Collect$$libinit$$00000011) for .ARM.Collect$$libinit$$00000011
    libinit2.o(.ARM.Collect$$libinit$$00000026) refers (Weak) to initio.o(.text) for _initio
    libinit2.o(.ARM.Collect$$libinit$$00000028) refers to argv_veneer.o(.emb_text) for __ARM_argv_veneer
    libinit2.o(.ARM.Collect$$libinit$$00000029) refers to argv_veneer.o(.emb_text) for __ARM_argv_veneer
    flsbuf_fwide.o(.text) refers to flsbuf.o(.text) for __flsbuf
    sys_command.o(.text) refers (Special) to use_no_semi.o(.text) for __I$use$semihosting
    sys_command.o(.text) refers (Special) to indicate_semi.o(.text) for __semihosting_library_function
    sys_command_hlt.o(.text) refers (Special) to use_no_semi.o(.text) for __I$use$semihosting
    sys_command_hlt.o(.text) refers (Special) to indicate_semi.o(.text) for __semihosting_library_function
    libspace.o(.text) refers to libspace.o(.bss) for __libspace_start
    sys_stackheap_outer.o(.text) refers to libspace.o(.text) for __user_perproc_libspace
    sys_stackheap_outer.o(.text) refers to startup_stm32f407xx.o(.text) for __user_initial_stackheap
    rt_errno_addr.o(.text) refers to rt_errno_addr.o(.bss) for __aeabi_errno_addr_data
    rt_errno_addr_intlibspace.o(.text) refers to libspace.o(.bss) for __libspace_start
    maybetermalloc2.o(.text) refers (Special) to term_alloc.o(.text) for _terminate_alloc
    h1_extend.o(.text) refers to h1_free.o(.text) for free
    h1_extend_threads.o(.text) refers to h1_free_threads.o(.text) for free_internal$concurrent
    fwritefast.o(.text) refers to stdio.o(.text) for _writebuf
    fwritefast.o(.text) refers to flsbuf.o(.text) for __flsbuf_byte
    fwritefast.o(.text) refers to rt_memcpy_v6.o(.text) for __aeabi_memcpy
    puts_locked.o(.text) refers to stdio_streams.o(.bss) for __stdout
    fwritefast_locked.o(.text) refers to stdio.o(.text) for _writebuf
    fwritefast_locked.o(.text) refers to flsbuf.o(.text) for __flsbuf_byte
    fwritefast_locked.o(.text) refers to rt_memcpy_v6.o(.text) for __aeabi_memcpy
    exit.o(.text) refers to rtexit.o(.ARM.Collect$$rtexit$$00000000) for __rt_exit
    defsig_rtred_outer.o(.text) refers to defsig_rtred_inner.o(.text) for __rt_SIGRTRED_inner
    defsig_rtred_outer.o(.text) refers to defsig_exit.o(.text) for __sig_exit
    defsig_rtred_formal.o(.text) refers to rt_raise.o(.text) for __rt_raise
    defsig_rtmem_outer.o(.text) refers to defsig_rtmem_inner.o(.text) for __rt_SIGRTMEM_inner
    defsig_rtmem_outer.o(.text) refers to defsig_exit.o(.text) for __sig_exit
    defsig_rtmem_formal.o(.text) refers to rt_raise.o(.text) for __rt_raise
    assert_stdio.o(.text) refers to fputs.o(.text) for fputs
    assert_stdio.o(.text) refers to fflush.o(.text) for fflush
    assert_stdio.o(.text) refers to stdio_streams.o(.bss) for __stderr
    heapauxa.o(.text) refers to heapauxa.o(.data) for .data
    argv_veneer.o(.emb_text) refers to no_argv.o(.text) for __ARM_get_argv
    libinit.o(.ARM.Collect$$libinit$$00000000) refers (Special) to libinit2.o(.ARM.Collect$$libinit$$00000030) for __rt_lib_init_alloca_1
    libinit.o(.ARM.Collect$$libinit$$00000000) refers (Special) to libinit2.o(.ARM.Collect$$libinit$$0000002E) for __rt_lib_init_argv_1
    libinit.o(.ARM.Collect$$libinit$$00000000) refers (Special) to libinit2.o(.ARM.Collect$$libinit$$0000001D) for __rt_lib_init_atexit_1
    libinit.o(.ARM.Collect$$libinit$$00000000) refers (Special) to libinit2.o(.ARM.Collect$$libinit$$00000023) for __rt_lib_init_clock_1
    libinit.o(.ARM.Collect$$libinit$$00000000) refers (Special) to libinit2.o(.ARM.Collect$$libinit$$00000034) for __rt_lib_init_cpp_1
    libinit.o(.ARM.Collect$$libinit$$00000000) refers (Special) to libinit2.o(.ARM.Collect$$libinit$$00000032) for __rt_lib_init_exceptions_1
    libinit.o(.ARM.Collect$$libinit$$00000000) refers (Special) to libinit2.o(.ARM.Collect$$libinit$$00000001) for __rt_lib_init_fp_1
    libinit.o(.ARM.Collect$$libinit$$00000000) refers (Special) to libinit2.o(.ARM.Collect$$libinit$$00000021) for __rt_lib_init_fp_trap_1
    libinit.o(.ARM.Collect$$libinit$$00000000) refers (Special) to libinit2.o(.ARM.Collect$$libinit$$00000025) for __rt_lib_init_getenv_1
    libinit.o(.ARM.Collect$$libinit$$00000000) refers (Special) to libinit2.o(.ARM.Collect$$libinit$$0000000C) for __rt_lib_init_heap_1
    libinit.o(.ARM.Collect$$libinit$$00000000) refers (Special) to libinit2.o(.ARM.Collect$$libinit$$00000013) for __rt_lib_init_lc_collate_1
    libinit.o(.ARM.Collect$$libinit$$00000000) refers (Special) to libinit2.o(.ARM.Collect$$libinit$$00000015) for __rt_lib_init_lc_ctype_1
    libinit.o(.ARM.Collect$$libinit$$00000000) refers (Special) to libinit2.o(.ARM.Collect$$libinit$$00000017) for __rt_lib_init_lc_monetary_1
    libinit.o(.ARM.Collect$$libinit$$00000000) refers (Special) to libinit2.o(.ARM.Collect$$libinit$$00000019) for __rt_lib_init_lc_numeric_1
    libinit.o(.ARM.Collect$$libinit$$00000000) refers (Special) to libinit2.o(.ARM.Collect$$libinit$$0000001B) for __rt_lib_init_lc_time_1
    libinit.o(.ARM.Collect$$libinit$$00000000) refers (Special) to libinit2.o(.ARM.Collect$$libinit$$00000006) for __rt_lib_init_preinit_1
    libinit.o(.ARM.Collect$$libinit$$00000000) refers (Special) to libinit2.o(.ARM.Collect$$libinit$$00000010) for __rt_lib_init_rand_1
    libinit.o(.ARM.Collect$$libinit$$00000000) refers (Special) to libinit2.o(.ARM.Collect$$libinit$$00000004) for __rt_lib_init_relocate_pie_1
    libinit.o(.ARM.Collect$$libinit$$00000000) refers (Special) to libinit2.o(.ARM.Collect$$libinit$$00000035) for __rt_lib_init_return
    libinit.o(.ARM.Collect$$libinit$$00000000) refers (Special) to libinit2.o(.ARM.Collect$$libinit$$0000001F) for __rt_lib_init_signal_1
    libinit.o(.ARM.Collect$$libinit$$00000000) refers (Special) to libinit2.o(.ARM.Collect$$libinit$$00000027) for __rt_lib_init_stdio_1
    libinit.o(.ARM.Collect$$libinit$$00000000) refers (Special) to libinit2.o(.ARM.Collect$$libinit$$0000000E) for __rt_lib_init_user_alloc_1
    libshutdown2.o(.ARM.Collect$$libshutdown$$00000003) refers (Weak) to initio.o(.text) for _terminateio
    libshutdown2.o(.ARM.Collect$$libshutdown$$0000000D) refers (Weak) to term_alloc.o(.text) for _terminate_alloc
    rtexit.o(.ARM.Collect$$rtexit$$00000000) refers (Special) to rtexit2.o(.ARM.Collect$$rtexit$$00000004) for __rt_exit_exit
    rtexit.o(.ARM.Collect$$rtexit$$00000000) refers (Special) to rtexit2.o(.ARM.Collect$$rtexit$$00000003) for __rt_exit_ls
    rtexit.o(.ARM.Collect$$rtexit$$00000000) refers (Special) to rtexit2.o(.ARM.Collect$$rtexit$$00000002) for __rt_exit_prels_1
    rtexit.o(.ARM.exidx) refers (Special) to rtexit2.o(.ARM.Collect$$rtexit$$00000004) for __rt_exit_exit
    rtexit.o(.ARM.exidx) refers (Special) to rtexit2.o(.ARM.Collect$$rtexit$$00000003) for __rt_exit_ls
    rtexit.o(.ARM.exidx) refers (Special) to rtexit2.o(.ARM.Collect$$rtexit$$00000002) for __rt_exit_prels_1
    rtexit.o(.ARM.exidx) refers to rtexit.o(.ARM.Collect$$rtexit$$00000000) for .ARM.Collect$$rtexit$$00000000
    rt_raise.o(.text) refers to __raise.o(.text) for __raise
    rt_raise.o(.text) refers to retarget.o(.text._sys_exit) for _sys_exit
    term_alloc.o(.text) refers (Special) to libshutdown2.o(.ARM.Collect$$libshutdown$$0000000E) for __rt_lib_shutdown_heap_2
    term_alloc.o(.text) refers to rt_heap_descriptor_intlibspace.o(.text) for __rt_heap_descriptor
    term_alloc.o(.text) refers to h1_final.o(.text) for __Heap_Finalize
    fflush.o(.text) refers to stdio.o(.text) for _fflush
    fflush.o(.text) refers to fseek.o(.text) for _fseek
    fflush.o(.text) refers to stdio_streams.o(.bss) for __stdin
    fputs.o(.text) refers to fputc.o(i.fputc) for fputc
    fflush_locked.o(.text) refers to stdio.o(.text) for _fflush
    fflush_locked.o(.text) refers to fseek.o(.text) for _fseek
    fflush_locked.o(.text) refers to fflush.o(.text) for _do_fflush
    fflush_locked.o(.text) refers to streamlock.o(.data) for _stream_list_lock
    fflush_locked.o(.text) refers to stdio_streams.o(.bss) for __stdin
    defsig_exit.o(.text) refers to retarget.o(.text._sys_exit) for _sys_exit
    defsig_rtred_inner.o(.text) refers to defsig_general.o(.text) for __default_signal_display
    defsig_rtmem_inner.o(.text) refers to defsig_general.o(.text) for __default_signal_display
    rt_memcpy_v6.o(.text) refers to rt_memcpy_w.o(.text) for __aeabi_memcpy4
    _get_argv_nomalloc.o(.text) refers (Special) to hrguard.o(.text) for __heap_region$guard
    _get_argv_nomalloc.o(.text) refers to defsig_rtmem_outer.o(.text) for __rt_SIGRTMEM
    _get_argv_nomalloc.o(.text) refers to sys_command.o(.text) for _sys_command_string
    rtexit2.o(.ARM.Collect$$rtexit$$00000003) refers to libshutdown.o(.ARM.Collect$$libshutdown$$00000000) for __rt_lib_shutdown
    rtexit2.o(.ARM.Collect$$rtexit$$00000004) refers to retarget.o(.text._sys_exit) for _sys_exit
    rtexit2.o(.ARM.exidx) refers to rtexit2.o(.ARM.Collect$$rtexit$$00000001) for .ARM.Collect$$rtexit$$00000001
    rtexit2.o(.ARM.exidx) refers to rtexit2.o(.ARM.Collect$$rtexit$$00000003) for .ARM.Collect$$rtexit$$00000003
    rtexit2.o(.ARM.exidx) refers to rtexit2.o(.ARM.Collect$$rtexit$$00000004) for .ARM.Collect$$rtexit$$00000004
    __raise.o(.text) refers to defsig.o(CL$$defsig) for __default_signal_handler
    defsig_general.o(.text) refers to retarget.o(.text._ttywrch) for _ttywrch
    defsig.o(CL$$defsig) refers to defsig_rtred_inner.o(.text) for __rt_SIGRTRED_inner
    defsig.o(CL$$defsig) refers to defsig_rtmem_inner.o(.text) for __rt_SIGRTMEM_inner
    libshutdown.o(.ARM.Collect$$libshutdown$$00000000) refers (Special) to libshutdown2.o(.ARM.Collect$$libshutdown$$00000002) for __rt_lib_shutdown_cpp_1
    libshutdown.o(.ARM.Collect$$libshutdown$$00000000) refers (Special) to libshutdown2.o(.ARM.Collect$$libshutdown$$00000007) for __rt_lib_shutdown_fp_trap_1
    libshutdown.o(.ARM.Collect$$libshutdown$$00000000) refers (Special) to libshutdown2.o(.ARM.Collect$$libshutdown$$0000000F) for __rt_lib_shutdown_heap_1
    libshutdown.o(.ARM.Collect$$libshutdown$$00000000) refers (Special) to libshutdown2.o(.ARM.Collect$$libshutdown$$00000010) for __rt_lib_shutdown_return
    libshutdown.o(.ARM.Collect$$libshutdown$$00000000) refers (Special) to libshutdown2.o(.ARM.Collect$$libshutdown$$0000000A) for __rt_lib_shutdown_signal_1
    libshutdown.o(.ARM.Collect$$libshutdown$$00000000) refers (Special) to libshutdown2.o(.ARM.Collect$$libshutdown$$00000004) for __rt_lib_shutdown_stdio_1
    libshutdown.o(.ARM.Collect$$libshutdown$$00000000) refers (Special) to libshutdown2.o(.ARM.Collect$$libshutdown$$0000000C) for __rt_lib_shutdown_user_alloc_1
    defsig_abrt_inner.o(.text) refers to defsig_general.o(.text) for __default_signal_display
    defsig_fpe_inner.o(.text) refers to defsig_general.o(.text) for __default_signal_display
    defsig_stak_inner.o(.text) refers to defsig_general.o(.text) for __default_signal_display
    defsig_pvfn_inner.o(.text) refers to defsig_general.o(.text) for __default_signal_display
    defsig_cppl_inner.o(.text) refers to defsig_general.o(.text) for __default_signal_display
    defsig_segv_inner.o(.text) refers to defsig_general.o(.text) for __default_signal_display
    defsig_other.o(.text) refers to defsig_general.o(.text) for __default_signal_display


==============================================================================

Removing Unused input sections from the image.

    Removing main.o(.text), (0 bytes).
    Removing main.o(.ARM.exidx.text.Delay), (8 bytes).
    Removing main.o(.ARM.exidx.text.sendchar_USART2), (8 bytes).
    Removing main.o(.ARM.exidx.text.main), (8 bytes).
    Removing main.o(.ARM.use_no_argv), (4 bytes).
    Removing init.o(.text), (0 bytes).
    Removing init.o(.text.init_DefaultClock), (56 bytes).
    Removing init.o(.ARM.exidx.text.init_DefaultClock), (8 bytes).
    Removing init.o(.ARM.exidx.text.init_CLOCK), (8 bytes).
    Removing init.o(.ARM.exidx.text.init_FlashAccess), (8 bytes).
    Removing init.o(.ARM.exidx.text.init_SysTick), (8 bytes).
    Removing init.o(.ARM.exidx.text.init_USART2), (8 bytes).
    Removing handlers.o(.text), (0 bytes).
    Removing handlers.o(.ARM.exidx.text.SysTick_Handler), (8 bytes).
    Removing retarget.o(.text), (0 bytes).
    Removing retarget.o(.ARM.exidx.text._sys_open), (8 bytes).
    Removing retarget.o(.ARM.exidx.text._sys_istty), (8 bytes).
    Removing retarget.o(.ARM.exidx.text._sys_write), (8 bytes).
    Removing retarget.o(.ARM.exidx.text._ttywrch), (8 bytes).
    Removing retarget.o(.text.stdout_putchar), (2 bytes).
    Removing retarget.o(.ARM.exidx.text.stdout_putchar), (8 bytes).
    Removing retarget.o(.ARM.exidx.text._sys_close), (8 bytes).
    Removing retarget.o(.ARM.exidx.text._sys_exit), (8 bytes).
    Removing low_level_morse[4].o(.text), (0 bytes).
    Removing low_level_morse[4].o(.text.morse_code), (36 bytes).
    Removing low_level_morse[4].o(.ARM.exidx.text.morse_code), (8 bytes).
    Removing low_level_morse[4].o(.ARM.exidx.text.send_char_morse), (8 bytes).
    Removing low_level_morse[4].o(.text.dash), (40 bytes).
    Removing low_level_morse[4].o(.ARM.exidx.text.dash), (8 bytes).
    Removing low_level_morse[4].o(.text.dot), (38 bytes).
    Removing low_level_morse[4].o(.ARM.exidx.text.dot), (8 bytes).
    Removing retarget_io.o(.text), (0 bytes).
    Removing retarget_io.o(.text._sys_open), (90 bytes).
    Removing retarget_io.o(.ARM.exidx.text._sys_open), (8 bytes).
    Removing retarget_io.o(.text._sys_close), (20 bytes).
    Removing retarget_io.o(.ARM.exidx.text._sys_close), (8 bytes).
    Removing retarget_io.o(.text._sys_write), (46 bytes).
    Removing retarget_io.o(.ARM.exidx.text._sys_write), (8 bytes).
    Removing retarget_io.o(.text._sys_read), (20 bytes).
    Removing retarget_io.o(.ARM.exidx.text._sys_read), (8 bytes).
    Removing retarget_io.o(.text._sys_istty), (16 bytes).
    Removing retarget_io.o(.ARM.exidx.text._sys_istty), (8 bytes).
    Removing retarget_io.o(.ARM.exidx.text._sys_seek), (8 bytes).
    Removing retarget_io.o(.ARM.exidx.text._sys_flen), (8 bytes).
    Removing system_stm32f4xx.o(.text), (0 bytes).
    Removing system_stm32f4xx.o(.ARM.exidx.text.SystemInit), (8 bytes).
    Removing system_stm32f4xx.o(.text.SystemCoreClockUpdate), (134 bytes).
    Removing system_stm32f4xx.o(.ARM.exidx.text.SystemCoreClockUpdate), (8 bytes).
    Removing system_stm32f4xx.o(.data.SystemCoreClock), (4 bytes).
    Removing system_stm32f4xx.o(.rodata.AHBPrescTable), (16 bytes).
    Removing system_stm32f4xx.o(.rodata.APBPrescTable), (8 bytes).

51 unused section(s) (total 762 bytes) removed from the image.

==============================================================================

Image Symbol Table

    Local Symbols

    Symbol Name                              Value     Ov Type        Size  Object(Section)

    ../clib/angel/boardlib.s                 0x00000000   Number         0  boardinit1.o ABSOLUTE
    ../clib/angel/boardlib.s                 0x00000000   Number         0  boardinit2.o ABSOLUTE
    ../clib/angel/boardlib.s                 0x00000000   Number         0  boardinit3.o ABSOLUTE
    ../clib/angel/boardlib.s                 0x00000000   Number         0  boardshut.o ABSOLUTE
    ../clib/angel/dclz77c.s                  0x00000000   Number         0  __dclz77c.o ABSOLUTE
    ../clib/angel/handlers.s                 0x00000000   Number         0  __scatter_zi.o ABSOLUTE
    ../clib/angel/kernel.s                   0x00000000   Number         0  __rtentry.o ABSOLUTE
    ../clib/angel/kernel.s                   0x00000000   Number         0  __rtentry2.o ABSOLUTE
    ../clib/angel/kernel.s                   0x00000000   Number         0  __rtentry4.o ABSOLUTE
    ../clib/angel/kernel.s                   0x00000000   Number         0  rtexit.o ABSOLUTE
    ../clib/angel/kernel.s                   0x00000000   Number         0  rtexit2.o ABSOLUTE
    ../clib/angel/rt.s                       0x00000000   Number         0  rt_heap_descriptor.o ABSOLUTE
    ../clib/angel/rt.s                       0x00000000   Number         0  rt_heap_descriptor_intlibspace.o ABSOLUTE
    ../clib/angel/rt.s                       0x00000000   Number         0  rt_errno_addr.o ABSOLUTE
    ../clib/angel/rt.s                       0x00000000   Number         0  rt_errno_addr_intlibspace.o ABSOLUTE
    ../clib/angel/rt.s                       0x00000000   Number         0  rt_raise.o ABSOLUTE
    ../clib/angel/scatter.s                  0x00000000   Number         0  __scatter.o ABSOLUTE
    ../clib/angel/startup.s                  0x00000000   Number         0  __main.o ABSOLUTE
    ../clib/angel/sys.s                      0x00000000   Number         0  use_no_semi_2.o ABSOLUTE
    ../clib/angel/sys.s                      0x00000000   Number         0  use_no_semi.o ABSOLUTE
    ../clib/angel/sys.s                      0x00000000   Number         0  mutex_dummy.o ABSOLUTE
    ../clib/angel/sys.s                      0x00000000   Number         0  libspace.o ABSOLUTE
    ../clib/angel/sys.s                      0x00000000   Number         0  sys_stackheap_outer.o ABSOLUTE
    ../clib/angel/sys.s                      0x00000000   Number         0  indicate_semi.o ABSOLUTE
    ../clib/angel/sysapp.c                   0x00000000   Number         0  sys_command.o ABSOLUTE
    ../clib/angel/sysapp.c                   0x00000000   Number         0  sys_command_hlt.o ABSOLUTE
    ../clib/armsys.c                         0x00000000   Number         0  _get_argv.o ABSOLUTE
    ../clib/armsys.c                         0x00000000   Number         0  argv_veneer.o ABSOLUTE
    ../clib/armsys.c                         0x00000000   Number         0  argv_veneer.o ABSOLUTE
    ../clib/armsys.c                         0x00000000   Number         0  _get_argv_nomalloc.o ABSOLUTE
    ../clib/armsys.c                         0x00000000   Number         0  no_argv.o ABSOLUTE
    ../clib/assert.c                         0x00000000   Number         0  assert_stdio.o ABSOLUTE
    ../clib/heap1.c                          0x00000000   Number         0  h1_alloc.o ABSOLUTE
    ../clib/heap1.c                          0x00000000   Number         0  h1_free.o ABSOLUTE
    ../clib/heap1.c                          0x00000000   Number         0  h1_alloc_threads.o ABSOLUTE
    ../clib/heap1.c                          0x00000000   Number         0  h1_free_threads.o ABSOLUTE
    ../clib/heap1.c                          0x00000000   Number         0  h1_init.o ABSOLUTE
    ../clib/heap1.c                          0x00000000   Number         0  h1_init_threads.o ABSOLUTE
    ../clib/heap1.c                          0x00000000   Number         0  h1_extend.o ABSOLUTE
    ../clib/heap1.c                          0x00000000   Number         0  h1_extend_threads.o ABSOLUTE
    ../clib/heap1.c                          0x00000000   Number         0  h1_final.o ABSOLUTE
    ../clib/heap1.c                          0x00000000   Number         0  h1_final_threads.o ABSOLUTE
    ../clib/heap2.c                          0x00000000   Number         0  heap2.o ABSOLUTE
    ../clib/heap2.c                          0x00000000   Number         0  heap2_threads.o ABSOLUTE
    ../clib/heap2.c                          0x00000000   Number         0  fdtree.o ABSOLUTE
    ../clib/heapalloc.c                      0x00000000   Number         0  malloc.o ABSOLUTE
    ../clib/heapalloc.c                      0x00000000   Number         0  free.o ABSOLUTE
    ../clib/heapalloc.c                      0x00000000   Number         0  hguard.o ABSOLUTE
    ../clib/heapalloc.c                      0x00000000   Number         0  init_alloc.o ABSOLUTE
    ../clib/heapalloc.c                      0x00000000   Number         0  heapstubs.o ABSOLUTE
    ../clib/heapalloc.c                      0x00000000   Number         0  hrguard.o ABSOLUTE
    ../clib/heapalloc.c                      0x00000000   Number         0  term_alloc.o ABSOLUTE
    ../clib/heapaux.c                        0x00000000   Number         0  heapauxi.o ABSOLUTE
    ../clib/heapaux.c                        0x00000000   Number         0  heapauxa.o ABSOLUTE
    ../clib/libinit.s                        0x00000000   Number         0  libinit2.o ABSOLUTE
    ../clib/libinit.s                        0x00000000   Number         0  libinit.o ABSOLUTE
    ../clib/libinit.s                        0x00000000   Number         0  libshutdown2.o ABSOLUTE
    ../clib/libinit.s                        0x00000000   Number         0  libshutdown.o ABSOLUTE
    ../clib/maybe.s                          0x00000000   Number         0  maybetermalloc1.o ABSOLUTE
    ../clib/maybe.s                          0x00000000   Number         0  maybetermalloc2.o ABSOLUTE
    ../clib/memcpset.s                       0x00000000   Number         0  strcmpv7em.o ABSOLUTE
    ../clib/memcpset.s                       0x00000000   Number         0  rt_memclr_w.o ABSOLUTE
    ../clib/memcpset.s                       0x00000000   Number         0  rt_memcpy_w.o ABSOLUTE
    ../clib/memcpset.s                       0x00000000   Number         0  rt_memcpy_v6.o ABSOLUTE
    ../clib/signal.c                         0x00000000   Number         0  defsig_rtred_outer.o ABSOLUTE
    ../clib/signal.c                         0x00000000   Number         0  defsig_rtred_formal.o ABSOLUTE
    ../clib/signal.c                         0x00000000   Number         0  defsig_rtmem_outer.o ABSOLUTE
    ../clib/signal.c                         0x00000000   Number         0  defsig_rtmem_formal.o ABSOLUTE
    ../clib/signal.c                         0x00000000   Number         0  defsig_exit.o ABSOLUTE
    ../clib/signal.c                         0x00000000   Number         0  defsig_rtred_inner.o ABSOLUTE
    ../clib/signal.c                         0x00000000   Number         0  defsig_rtmem_inner.o ABSOLUTE
    ../clib/signal.c                         0x00000000   Number         0  __raise.o ABSOLUTE
    ../clib/signal.c                         0x00000000   Number         0  defsig_general.o ABSOLUTE
    ../clib/signal.c                         0x00000000   Number         0  defsig_abrt_inner.o ABSOLUTE
    ../clib/signal.c                         0x00000000   Number         0  defsig_fpe_inner.o ABSOLUTE
    ../clib/signal.c                         0x00000000   Number         0  defsig_stak_inner.o ABSOLUTE
    ../clib/signal.c                         0x00000000   Number         0  defsig_pvfn_inner.o ABSOLUTE
    ../clib/signal.c                         0x00000000   Number         0  defsig_cppl_inner.o ABSOLUTE
    ../clib/signal.c                         0x00000000   Number         0  defsig_segv_inner.o ABSOLUTE
    ../clib/signal.c                         0x00000000   Number         0  defsig_other.o ABSOLUTE
    ../clib/signal.s                         0x00000000   Number         0  defsig.o ABSOLUTE
    ../clib/stdio.c                          0x00000000   Number         0  fwrite.o ABSOLUTE
    ../clib/stdio.c                          0x00000000   Number         0  puts.o ABSOLUTE
    ../clib/stdio.c                          0x00000000   Number         0  fopen.o ABSOLUTE
    ../clib/stdio.c                          0x00000000   Number         0  fclose.o ABSOLUTE
    ../clib/stdio.c                          0x00000000   Number         0  fclose_locked.o ABSOLUTE
    ../clib/stdio.c                          0x00000000   Number         0  fopen_locked.o ABSOLUTE
    ../clib/stdio.c                          0x00000000   Number         0  fputc.o ABSOLUTE
    ../clib/stdio.c                          0x00000000   Number         0  fseek.o ABSOLUTE
    ../clib/stdio.c                          0x00000000   Number         0  stdio.o ABSOLUTE
    ../clib/stdio.c                          0x00000000   Number         0  streamlock.o ABSOLUTE
    ../clib/stdio.c                          0x00000000   Number         0  stdio_streams.o ABSOLUTE
    ../clib/stdio.c                          0x00000000   Number         0  fputc_locked.o ABSOLUTE
    ../clib/stdio.c                          0x00000000   Number         0  flsbuf.o ABSOLUTE
    ../clib/stdio.c                          0x00000000   Number         0  ftell.o ABSOLUTE
    ../clib/stdio.c                          0x00000000   Number         0  initio.o ABSOLUTE
    ../clib/stdio.c                          0x00000000   Number         0  initio_locked.o ABSOLUTE
    ../clib/stdio.c                          0x00000000   Number         0  setvbuf.o ABSOLUTE
    ../clib/stdio.c                          0x00000000   Number         0  fwritefast.o ABSOLUTE
    ../clib/stdio.c                          0x00000000   Number         0  puts_locked.o ABSOLUTE
    ../clib/stdio.c                          0x00000000   Number         0  setvbuf_locked.o ABSOLUTE
    ../clib/stdio.c                          0x00000000   Number         0  fwritefast_locked.o ABSOLUTE
    ../clib/stdio.c                          0x00000000   Number         0  fflush.o ABSOLUTE
    ../clib/stdio.c                          0x00000000   Number         0  fputs.o ABSOLUTE
    ../clib/stdio.c                          0x00000000   Number         0  fputs_locked.o ABSOLUTE
    ../clib/stdio.c                          0x00000000   Number         0  fflush_locked.o ABSOLUTE
    ../clib/stdlib.c                         0x00000000   Number         0  exit.o ABSOLUTE
    ../clib/string.c                         0x00000000   Number         0  strncmp.o ABSOLUTE
    ../clib/wchar.c                          0x00000000   Number         0  flsbuf_fwide.o ABSOLUTE
    ../fplib/fpinit.s                        0x00000000   Number         0  fpinit.o ABSOLUTE
    RTE/Device/STM32F407VGTx/startup_stm32f407xx.s 0x00000000   Number         0  startup_stm32f407xx.o ABSOLUTE
    dc.s                                     0x00000000   Number         0  dc.o ABSOLUTE
    handlers.c                               0x00000000   Number         0  handlers.o ABSOLUTE
    init.c                                   0x00000000   Number         0  init.o ABSOLUTE
    low_level_morse[4].c                     0x00000000   Number         0  low_level_morse[4].o ABSOLUTE
    main.c                                   0x00000000   Number         0  main.o ABSOLUTE
    retarget.c                               0x00000000   Number         0  retarget.o ABSOLUTE
    retarget_io.c                            0x00000000   Number         0  retarget_io.o ABSOLUTE
    system_stm32f4xx.c                       0x00000000   Number         0  system_stm32f4xx.o ABSOLUTE
    RESET                                    0x08000000   Section      392  startup_stm32f407xx.o(RESET)
    !!!main                                  0x08000188   Section        8  __main.o(!!!main)
    !!!scatter                               0x08000190   Section       92  __scatter.o(!!!scatter)
    !!dclz77c                                0x080001ec   Section      100  __dclz77c.o(!!dclz77c)
    !!handler_null                           0x08000250   Section        2  __scatter.o(!!handler_null)
    !!handler_zi                             0x08000254   Section       28  __scatter_zi.o(!!handler_zi)
    .ARM.Collect$$libinit$$00000000          0x08000270   Section        2  libinit.o(.ARM.Collect$$libinit$$00000000)
    .ARM.Collect$$libinit$$00000001          0x08000272   Section        4  libinit2.o(.ARM.Collect$$libinit$$00000001)
    .ARM.Collect$$libinit$$00000004          0x08000276   Section        0  libinit2.o(.ARM.Collect$$libinit$$00000004)
    .ARM.Collect$$libinit$$00000006          0x08000276   Section        0  libinit2.o(.ARM.Collect$$libinit$$00000006)
    .ARM.Collect$$libinit$$00000007          0x08000276   Section        8  libinit2.o(.ARM.Collect$$libinit$$00000007)
    .ARM.Collect$$libinit$$0000000C          0x0800027e   Section        0  libinit2.o(.ARM.Collect$$libinit$$0000000C)
    .ARM.Collect$$libinit$$0000000E          0x0800027e   Section        0  libinit2.o(.ARM.Collect$$libinit$$0000000E)
    .ARM.Collect$$libinit$$00000010          0x0800027e   Section        0  libinit2.o(.ARM.Collect$$libinit$$00000010)
    .ARM.Collect$$libinit$$00000013          0x0800027e   Section        0  libinit2.o(.ARM.Collect$$libinit$$00000013)
    .ARM.Collect$$libinit$$00000015          0x0800027e   Section        0  libinit2.o(.ARM.Collect$$libinit$$00000015)
    .ARM.Collect$$libinit$$00000017          0x0800027e   Section        0  libinit2.o(.ARM.Collect$$libinit$$00000017)
    .ARM.Collect$$libinit$$00000019          0x0800027e   Section        0  libinit2.o(.ARM.Collect$$libinit$$00000019)
    .ARM.Collect$$libinit$$0000001B          0x0800027e   Section        0  libinit2.o(.ARM.Collect$$libinit$$0000001B)
    .ARM.Collect$$libinit$$0000001D          0x0800027e   Section        0  libinit2.o(.ARM.Collect$$libinit$$0000001D)
    .ARM.Collect$$libinit$$0000001F          0x0800027e   Section        0  libinit2.o(.ARM.Collect$$libinit$$0000001F)
    .ARM.Collect$$libinit$$00000021          0x0800027e   Section        0  libinit2.o(.ARM.Collect$$libinit$$00000021)
    .ARM.Collect$$libinit$$00000023          0x0800027e   Section        0  libinit2.o(.ARM.Collect$$libinit$$00000023)
    .ARM.Collect$$libinit$$00000025          0x0800027e   Section        0  libinit2.o(.ARM.Collect$$libinit$$00000025)
    .ARM.Collect$$libinit$$00000026          0x0800027e   Section        4  libinit2.o(.ARM.Collect$$libinit$$00000026)
    .ARM.Collect$$libinit$$00000027          0x08000282   Section        0  libinit2.o(.ARM.Collect$$libinit$$00000027)
    .ARM.Collect$$libinit$$0000002E          0x08000282   Section        0  libinit2.o(.ARM.Collect$$libinit$$0000002E)
    .ARM.Collect$$libinit$$00000030          0x08000282   Section        0  libinit2.o(.ARM.Collect$$libinit$$00000030)
    .ARM.Collect$$libinit$$00000032          0x08000282   Section        0  libinit2.o(.ARM.Collect$$libinit$$00000032)
    .ARM.Collect$$libinit$$00000034          0x08000282   Section        0  libinit2.o(.ARM.Collect$$libinit$$00000034)
    .ARM.Collect$$libinit$$00000035          0x08000282   Section        2  libinit2.o(.ARM.Collect$$libinit$$00000035)
    .ARM.Collect$$libshutdown$$00000000      0x08000284   Section        2  libshutdown.o(.ARM.Collect$$libshutdown$$00000000)
    .ARM.Collect$$libshutdown$$00000002      0x08000286   Section        0  libshutdown2.o(.ARM.Collect$$libshutdown$$00000002)
    .ARM.Collect$$libshutdown$$00000003      0x08000286   Section        4  libshutdown2.o(.ARM.Collect$$libshutdown$$00000003)
    .ARM.Collect$$libshutdown$$00000004      0x0800028a   Section        0  libshutdown2.o(.ARM.Collect$$libshutdown$$00000004)
    .ARM.Collect$$libshutdown$$00000007      0x0800028a   Section        0  libshutdown2.o(.ARM.Collect$$libshutdown$$00000007)
    .ARM.Collect$$libshutdown$$0000000A      0x0800028a   Section        0  libshutdown2.o(.ARM.Collect$$libshutdown$$0000000A)
    .ARM.Collect$$libshutdown$$0000000C      0x0800028a   Section        0  libshutdown2.o(.ARM.Collect$$libshutdown$$0000000C)
    .ARM.Collect$$libshutdown$$0000000F      0x0800028a   Section        0  libshutdown2.o(.ARM.Collect$$libshutdown$$0000000F)
    .ARM.Collect$$libshutdown$$00000010      0x0800028a   Section        2  libshutdown2.o(.ARM.Collect$$libshutdown$$00000010)
    .ARM.Collect$$rtentry$$00000000          0x0800028c   Section        0  __rtentry.o(.ARM.Collect$$rtentry$$00000000)
    .ARM.Collect$$rtentry$$00000002          0x0800028c   Section        0  __rtentry2.o(.ARM.Collect$$rtentry$$00000002)
    .ARM.Collect$$rtentry$$00000004          0x0800028c   Section        6  __rtentry4.o(.ARM.Collect$$rtentry$$00000004)
    .ARM.Collect$$rtentry$$00000009          0x08000292   Section        0  __rtentry2.o(.ARM.Collect$$rtentry$$00000009)
    .ARM.Collect$$rtentry$$0000000A          0x08000292   Section        4  __rtentry2.o(.ARM.Collect$$rtentry$$0000000A)
    .ARM.Collect$$rtentry$$0000000C          0x08000296   Section        0  __rtentry2.o(.ARM.Collect$$rtentry$$0000000C)
    .ARM.Collect$$rtentry$$0000000D          0x08000296   Section        8  __rtentry2.o(.ARM.Collect$$rtentry$$0000000D)
    .ARM.Collect$$rtexit$$00000000           0x0800029e   Section        2  rtexit.o(.ARM.Collect$$rtexit$$00000000)
    .ARM.Collect$$rtexit$$00000002           0x080002a0   Section        0  rtexit2.o(.ARM.Collect$$rtexit$$00000002)
    .ARM.Collect$$rtexit$$00000003           0x080002a0   Section        4  rtexit2.o(.ARM.Collect$$rtexit$$00000003)
    .ARM.Collect$$rtexit$$00000004           0x080002a4   Section        6  rtexit2.o(.ARM.Collect$$rtexit$$00000004)
    $v0                                      0x080002ac   Number         0  startup_stm32f407xx.o(.text)
    .text                                    0x080002ac   Section       64  startup_stm32f407xx.o(.text)
    .text                                    0x080002ec   Section        2  use_no_semi_2.o(.text)
    .text                                    0x080002f0   Section        0  puts.o(.text)
    _freopen_locked                          0x0800031d   Thumb Code     0  fopen.o(.text)
    .text                                    0x0800031c   Section        0  fopen.o(.text)
    .text                                    0x0800040c   Section        0  fclose.o(.text)
    .text                                    0x08000458   Section        0  strncmp.o(.text)
    .text                                    0x080004ee   Section        0  heapauxi.o(.text)
    .text                                    0x080004f4   Section        2  use_no_semi.o(.text)
    .text                                    0x080004f6   Section        0  h1_alloc.o(.text)
    .text                                    0x08000554   Section        0  h1_free.o(.text)
    .text                                    0x080005a4   Section        0  fseek.o(.text)
    .text                                    0x0800069c   Section        0  stdio.o(.text)
    .text                                    0x080007a4   Section       78  rt_memclr_w.o(.text)
    .text                                    0x080007f4   Section        8  rt_heap_descriptor_intlibspace.o(.text)
    .text                                    0x080007fc   Section        0  hguard.o(.text)
    .text                                    0x08000800   Section        0  init_alloc.o(.text)
    .text                                    0x0800088a   Section        0  h1_init.o(.text)
    .text                                    0x08000896   Section        0  flsbuf.o(.text)
    .text                                    0x08000a78   Section        0  ftell.o(.text)
    .text                                    0x08000abc   Section        0  initio.o(.text)
    .text                                    0x08000bf4   Section      100  rt_memcpy_w.o(.text)
    .text                                    0x08000c58   Section        8  libspace.o(.text)
    .text                                    0x08000c60   Section       74  sys_stackheap_outer.o(.text)
    .text                                    0x08000cac   Section        8  rt_errno_addr_intlibspace.o(.text)
    .text                                    0x08000cb4   Section        0  maybetermalloc1.o(.text)
    .text                                    0x08000cb4   Section        0  h1_extend.o(.text)
    .text                                    0x08000ce8   Section        0  setvbuf.o(.text)
    .text                                    0x08000d2e   Section        0  fwritefast.o(.text)
    .text                                    0x08000e04   Section        0  exit.o(.text)
    .text                                    0x08000e16   Section        0  defsig_rtred_outer.o(.text)
    .text                                    0x08000e24   Section        0  defsig_rtmem_outer.o(.text)
    .text                                    0x08000e32   Section        0  defsig_exit.o(.text)
    .text                                    0x08000e3c   Section        0  defsig_rtred_inner.o(.text)
    .text                                    0x08000e70   Section        0  defsig_rtmem_inner.o(.text)
    .text                                    0x08000ec0   Section      138  rt_memcpy_v6.o(.text)
    .text                                    0x08000f4a   Section        0  defsig_general.o(.text)
    [Anonymous Symbol]                       0x08000f7c   Section        0  main.o(.text.Delay)
    [Anonymous Symbol]                       0x08000f94   Section        0  handlers.o(.text.SysTick_Handler)
    [Anonymous Symbol]                       0x08000fb8   Section        0  system_stm32f4xx.o(.text.SystemInit)
    [Anonymous Symbol]                       0x08000fe4   Section        0  retarget.o(.text._sys_close)
    [Anonymous Symbol]                       0x08000fe8   Section        0  retarget.o(.text._sys_exit)
    [Anonymous Symbol]                       0x08000fec   Section        0  retarget_io.o(.text._sys_flen)
    [Anonymous Symbol]                       0x08001000   Section        0  retarget.o(.text._sys_istty)
    [Anonymous Symbol]                       0x08001020   Section        0  retarget.o(.text._sys_open)
    [Anonymous Symbol]                       0x08001094   Section        0  retarget_io.o(.text._sys_seek)
    [Anonymous Symbol]                       0x0800109c   Section        0  retarget.o(.text._sys_write)
    [Anonymous Symbol]                       0x080010e0   Section        0  retarget.o(.text._ttywrch)
    [Anonymous Symbol]                       0x080010e4   Section        0  init.o(.text.init_CLOCK)
    [Anonymous Symbol]                       0x080011a4   Section        0  init.o(.text.init_FlashAccess)
    [Anonymous Symbol]                       0x080011cc   Section        0  init.o(.text.init_SysTick)
    [Anonymous Symbol]                       0x08001208   Section        0  init.o(.text.init_USART2)
    [Anonymous Symbol]                       0x08001290   Section        0  main.o(.text.main)
    [Anonymous Symbol]                       0x08001404   Section        0  low_level_morse[4].o(.text.send_char_morse)
    [Anonymous Symbol]                       0x08001474   Section        0  main.o(.text.sendchar_USART2)
    i.fputc                                  0x08001488   Section        0  fputc.o(i.fputc)
    $v0                                      0x080014a4   Number         0  fpinit.o(x$fpl$fpinit)
    x$fpl$fpinit                             0x080014a4   Section       26  fpinit.o(x$fpl$fpinit)
    .data                                    0x20000000   Section        4  stdio_streams.o(.data)
    .data                                    0x20000004   Section        4  stdio_streams.o(.data)
    .data                                    0x20000008   Section        4  stdio_streams.o(.data)
    morse_code.M                             0x2000000c   Data         576  low_level_morse[4].o(.data.morse_code.M)
    [Anonymous Symbol]                       0x2000000c   Section        0  low_level_morse[4].o(.data.morse_code.M)
    morse_code.Mdummy                        0x2000024c   Data           6  low_level_morse[4].o(.data.morse_code.Mdummy)
    [Anonymous Symbol]                       0x2000024c   Section        0  low_level_morse[4].o(.data.morse_code.Mdummy)
    .bss                                     0x20000258   Section       84  stdio_streams.o(.bss)
    .bss                                     0x200002ac   Section       84  stdio_streams.o(.bss)
    .bss                                     0x20000300   Section       84  stdio_streams.o(.bss)
    .bss                                     0x20000354   Section       96  libspace.o(.bss)
    Heap_Mem                                 0x200003b8   Data         512  startup_stm32f407xx.o(HEAP)
    HEAP                                     0x200003b8   Section      512  startup_stm32f407xx.o(HEAP)
    Stack_Mem                                0x200005b8   Data        1024  startup_stm32f407xx.o(STACK)
    STACK                                    0x200005b8   Section     1024  startup_stm32f407xx.o(STACK)
    __initial_sp                             0x200009b8   Data           0  startup_stm32f407xx.o(STACK)

    Global Symbols

    Symbol Name                              Value     Ov Type        Size  Object(Section)

    BuildAttributes$$THM_ISAv4$E$P$D$K$B$S$7EM$VFPi3$EXTD16$VFPS$VFMA$PE$A:L22UL41UL21$X:L11$S22US41US21$IEEE1$IW$~IW$USESV6$~STKCKD$USESV7$~SHL$OTIME$ROPI$EBA8$UX$STANDARDLIB$REQ8$PRES8$EABIv2 0x00000000   Number         0  anon$$obj.o ABSOLUTE
    __ARM_exceptions_init                     - Undefined Weak Reference
    __alloca_initialize                       - Undefined Weak Reference
    __arm_preinit_                            - Undefined Weak Reference
    __arm_relocate_pie_                       - Undefined Weak Reference
    __cpp_initialize__aeabi_                  - Undefined Weak Reference
    __cxa_finalize                            - Undefined Weak Reference
    __rt_locale                               - Undefined Weak Reference
    __sigvec_lookup                           - Undefined Weak Reference
    __user_heap_extent                        - Undefined Weak Reference
    _atexit_init                              - Undefined Weak Reference
    _call_atexit_fns                          - Undefined Weak Reference
    _clock_init                               - Undefined Weak Reference
    _fp_trap_init                             - Undefined Weak Reference
    _fp_trap_shutdown                         - Undefined Weak Reference
    _get_lc_collate                           - Undefined Weak Reference
    _get_lc_ctype                             - Undefined Weak Reference
    _get_lc_monetary                          - Undefined Weak Reference
    _get_lc_numeric                           - Undefined Weak Reference
    _get_lc_time                              - Undefined Weak Reference
    _getenv_init                              - Undefined Weak Reference
    _handle_redirection                       - Undefined Weak Reference
    _mutex_acquire                            - Undefined Weak Reference
    _mutex_free                               - Undefined Weak Reference
    _mutex_release                            - Undefined Weak Reference
    _rand_init                                - Undefined Weak Reference
    _signal_finish                            - Undefined Weak Reference
    _signal_init                              - Undefined Weak Reference
    __Vectors_Size                           0x00000188   Number         0  startup_stm32f407xx.o ABSOLUTE
    __Vectors                                0x08000000   Data           4  startup_stm32f407xx.o(RESET)
    __Vectors_End                            0x08000188   Data           0  startup_stm32f407xx.o(RESET)
    __main                                   0x08000189   Thumb Code     8  __main.o(!!!main)
    __scatterload                            0x08000191   Thumb Code     0  __scatter.o(!!!scatter)
    __scatterload_rt2                        0x08000191   Thumb Code    84  __scatter.o(!!!scatter)
    __scatterload_rt2_thumb_only             0x08000191   Thumb Code     0  __scatter.o(!!!scatter)
    __scatterload_loop                       0x0800019b   Thumb Code     0  __scatter.o(!!!scatter)
    __decompress                             0x080001ed   Thumb Code   100  __dclz77c.o(!!dclz77c)
    __decompress2                            0x080001ed   Thumb Code     0  __dclz77c.o(!!dclz77c)
    __scatterload_null                       0x08000251   Thumb Code     2  __scatter.o(!!handler_null)
    __scatterload_zeroinit                   0x08000255   Thumb Code    28  __scatter_zi.o(!!handler_zi)
    __rt_lib_init                            0x08000271   Thumb Code     0  libinit.o(.ARM.Collect$$libinit$$00000000)
    __rt_lib_init_fp_1                       0x08000273   Thumb Code     0  libinit2.o(.ARM.Collect$$libinit$$00000001)
    __rt_lib_init_heap_2                     0x08000277   Thumb Code     0  libinit2.o(.ARM.Collect$$libinit$$00000007)
    __rt_lib_init_preinit_1                  0x08000277   Thumb Code     0  libinit2.o(.ARM.Collect$$libinit$$00000006)
    __rt_lib_init_relocate_pie_1             0x08000277   Thumb Code     0  libinit2.o(.ARM.Collect$$libinit$$00000004)
    __rt_lib_init_atexit_1                   0x0800027f   Thumb Code     0  libinit2.o(.ARM.Collect$$libinit$$0000001D)
    __rt_lib_init_clock_1                    0x0800027f   Thumb Code     0  libinit2.o(.ARM.Collect$$libinit$$00000023)
    __rt_lib_init_fp_trap_1                  0x0800027f   Thumb Code     0  libinit2.o(.ARM.Collect$$libinit$$00000021)
    __rt_lib_init_getenv_1                   0x0800027f   Thumb Code     0  libinit2.o(.ARM.Collect$$libinit$$00000025)
    __rt_lib_init_heap_1                     0x0800027f   Thumb Code     0  libinit2.o(.ARM.Collect$$libinit$$0000000C)
    __rt_lib_init_lc_collate_1               0x0800027f   Thumb Code     0  libinit2.o(.ARM.Collect$$libinit$$00000013)
    __rt_lib_init_lc_ctype_1                 0x0800027f   Thumb Code     0  libinit2.o(.ARM.Collect$$libinit$$00000015)
    __rt_lib_init_lc_monetary_1              0x0800027f   Thumb Code     0  libinit2.o(.ARM.Collect$$libinit$$00000017)
    __rt_lib_init_lc_numeric_1               0x0800027f   Thumb Code     0  libinit2.o(.ARM.Collect$$libinit$$00000019)
    __rt_lib_init_lc_time_1                  0x0800027f   Thumb Code     0  libinit2.o(.ARM.Collect$$libinit$$0000001B)
    __rt_lib_init_rand_1                     0x0800027f   Thumb Code     0  libinit2.o(.ARM.Collect$$libinit$$00000010)
    __rt_lib_init_signal_1                   0x0800027f   Thumb Code     0  libinit2.o(.ARM.Collect$$libinit$$0000001F)
    __rt_lib_init_stdio_2                    0x0800027f   Thumb Code     0  libinit2.o(.ARM.Collect$$libinit$$00000026)
    __rt_lib_init_user_alloc_1               0x0800027f   Thumb Code     0  libinit2.o(.ARM.Collect$$libinit$$0000000E)
    __rt_lib_init_alloca_1                   0x08000283   Thumb Code     0  libinit2.o(.ARM.Collect$$libinit$$00000030)
    __rt_lib_init_argv_1                     0x08000283   Thumb Code     0  libinit2.o(.ARM.Collect$$libinit$$0000002E)
    __rt_lib_init_cpp_1                      0x08000283   Thumb Code     0  libinit2.o(.ARM.Collect$$libinit$$00000034)
    __rt_lib_init_exceptions_1               0x08000283   Thumb Code     0  libinit2.o(.ARM.Collect$$libinit$$00000032)
    __rt_lib_init_return                     0x08000283   Thumb Code     0  libinit2.o(.ARM.Collect$$libinit$$00000035)
    __rt_lib_init_stdio_1                    0x08000283   Thumb Code     0  libinit2.o(.ARM.Collect$$libinit$$00000027)
    __rt_lib_shutdown                        0x08000285   Thumb Code     0  libshutdown.o(.ARM.Collect$$libshutdown$$00000000)
    __rt_lib_shutdown_cpp_1                  0x08000287   Thumb Code     0  libshutdown2.o(.ARM.Collect$$libshutdown$$00000002)
    __rt_lib_shutdown_stdio_2                0x08000287   Thumb Code     0  libshutdown2.o(.ARM.Collect$$libshutdown$$00000003)
    __rt_lib_shutdown_fp_trap_1              0x0800028b   Thumb Code     0  libshutdown2.o(.ARM.Collect$$libshutdown$$00000007)
    __rt_lib_shutdown_heap_1                 0x0800028b   Thumb Code     0  libshutdown2.o(.ARM.Collect$$libshutdown$$0000000F)
    __rt_lib_shutdown_return                 0x0800028b   Thumb Code     0  libshutdown2.o(.ARM.Collect$$libshutdown$$00000010)
    __rt_lib_shutdown_signal_1               0x0800028b   Thumb Code     0  libshutdown2.o(.ARM.Collect$$libshutdown$$0000000A)
    __rt_lib_shutdown_stdio_1                0x0800028b   Thumb Code     0  libshutdown2.o(.ARM.Collect$$libshutdown$$00000004)
    __rt_lib_shutdown_user_alloc_1           0x0800028b   Thumb Code     0  libshutdown2.o(.ARM.Collect$$libshutdown$$0000000C)
    __rt_entry                               0x0800028d   Thumb Code     0  __rtentry.o(.ARM.Collect$$rtentry$$00000000)
    __rt_entry_presh_1                       0x0800028d   Thumb Code     0  __rtentry2.o(.ARM.Collect$$rtentry$$00000002)
    __rt_entry_sh                            0x0800028d   Thumb Code     0  __rtentry4.o(.ARM.Collect$$rtentry$$00000004)
    __rt_entry_li                            0x08000293   Thumb Code     0  __rtentry2.o(.ARM.Collect$$rtentry$$0000000A)
    __rt_entry_postsh_1                      0x08000293   Thumb Code     0  __rtentry2.o(.ARM.Collect$$rtentry$$00000009)
    __rt_entry_main                          0x08000297   Thumb Code     0  __rtentry2.o(.ARM.Collect$$rtentry$$0000000D)
    __rt_entry_postli_1                      0x08000297   Thumb Code     0  __rtentry2.o(.ARM.Collect$$rtentry$$0000000C)
    __rt_exit                                0x0800029f   Thumb Code     0  rtexit.o(.ARM.Collect$$rtexit$$00000000)
    __rt_exit_ls                             0x080002a1   Thumb Code     0  rtexit2.o(.ARM.Collect$$rtexit$$00000003)
    __rt_exit_prels_1                        0x080002a1   Thumb Code     0  rtexit2.o(.ARM.Collect$$rtexit$$00000002)
    __rt_exit_exit                           0x080002a5   Thumb Code     0  rtexit2.o(.ARM.Collect$$rtexit$$00000004)
    Reset_Handler                            0x080002ad   Thumb Code     8  startup_stm32f407xx.o(.text)
    NMI_Handler                              0x080002b5   Thumb Code     2  startup_stm32f407xx.o(.text)
    HardFault_Handler                        0x080002b7   Thumb Code     2  startup_stm32f407xx.o(.text)
    MemManage_Handler                        0x080002b9   Thumb Code     2  startup_stm32f407xx.o(.text)
    BusFault_Handler                         0x080002bb   Thumb Code     2  startup_stm32f407xx.o(.text)
    UsageFault_Handler                       0x080002bd   Thumb Code     2  startup_stm32f407xx.o(.text)
    SVC_Handler                              0x080002bf   Thumb Code     2  startup_stm32f407xx.o(.text)
    DebugMon_Handler                         0x080002c1   Thumb Code     2  startup_stm32f407xx.o(.text)
    PendSV_Handler                           0x080002c3   Thumb Code     2  startup_stm32f407xx.o(.text)
    ADC_IRQHandler                           0x080002c7   Thumb Code     0  startup_stm32f407xx.o(.text)
    CAN1_RX0_IRQHandler                      0x080002c7   Thumb Code     0  startup_stm32f407xx.o(.text)
    CAN1_RX1_IRQHandler                      0x080002c7   Thumb Code     0  startup_stm32f407xx.o(.text)
    CAN1_SCE_IRQHandler                      0x080002c7   Thumb Code     0  startup_stm32f407xx.o(.text)
    CAN1_TX_IRQHandler                       0x080002c7   Thumb Code     0  startup_stm32f407xx.o(.text)
    CAN2_RX0_IRQHandler                      0x080002c7   Thumb Code     0  startup_stm32f407xx.o(.text)
    CAN2_RX1_IRQHandler                      0x080002c7   Thumb Code     0  startup_stm32f407xx.o(.text)
    CAN2_SCE_IRQHandler                      0x080002c7   Thumb Code     0  startup_stm32f407xx.o(.text)
    CAN2_TX_IRQHandler                       0x080002c7   Thumb Code     0  startup_stm32f407xx.o(.text)
    DCMI_IRQHandler                          0x080002c7   Thumb Code     0  startup_stm32f407xx.o(.text)
    DMA1_Stream0_IRQHandler                  0x080002c7   Thumb Code     0  startup_stm32f407xx.o(.text)
    DMA1_Stream1_IRQHandler                  0x080002c7   Thumb Code     0  startup_stm32f407xx.o(.text)
    DMA1_Stream2_IRQHandler                  0x080002c7   Thumb Code     0  startup_stm32f407xx.o(.text)
    DMA1_Stream3_IRQHandler                  0x080002c7   Thumb Code     0  startup_stm32f407xx.o(.text)
    DMA1_Stream4_IRQHandler                  0x080002c7   Thumb Code     0  startup_stm32f407xx.o(.text)
    DMA1_Stream5_IRQHandler                  0x080002c7   Thumb Code     0  startup_stm32f407xx.o(.text)
    DMA1_Stream6_IRQHandler                  0x080002c7   Thumb Code     0  startup_stm32f407xx.o(.text)
    DMA1_Stream7_IRQHandler                  0x080002c7   Thumb Code     0  startup_stm32f407xx.o(.text)
    DMA2_Stream0_IRQHandler                  0x080002c7   Thumb Code     0  startup_stm32f407xx.o(.text)
    DMA2_Stream1_IRQHandler                  0x080002c7   Thumb Code     0  startup_stm32f407xx.o(.text)
    DMA2_Stream2_IRQHandler                  0x080002c7   Thumb Code     0  startup_stm32f407xx.o(.text)
    DMA2_Stream3_IRQHandler                  0x080002c7   Thumb Code     0  startup_stm32f407xx.o(.text)
    DMA2_Stream4_IRQHandler                  0x080002c7   Thumb Code     0  startup_stm32f407xx.o(.text)
    DMA2_Stream5_IRQHandler                  0x080002c7   Thumb Code     0  startup_stm32f407xx.o(.text)
    DMA2_Stream6_IRQHandler                  0x080002c7   Thumb Code     0  startup_stm32f407xx.o(.text)
    DMA2_Stream7_IRQHandler                  0x080002c7   Thumb Code     0  startup_stm32f407xx.o(.text)
    ETH_IRQHandler                           0x080002c7   Thumb Code     0  startup_stm32f407xx.o(.text)
    ETH_WKUP_IRQHandler                      0x080002c7   Thumb Code     0  startup_stm32f407xx.o(.text)
    EXTI0_IRQHandler                         0x080002c7   Thumb Code     0  startup_stm32f407xx.o(.text)
    EXTI15_10_IRQHandler                     0x080002c7   Thumb Code     0  startup_stm32f407xx.o(.text)
    EXTI1_IRQHandler                         0x080002c7   Thumb Code     0  startup_stm32f407xx.o(.text)
    EXTI2_IRQHandler                         0x080002c7   Thumb Code     0  startup_stm32f407xx.o(.text)
    EXTI3_IRQHandler                         0x080002c7   Thumb Code     0  startup_stm32f407xx.o(.text)
    EXTI4_IRQHandler                         0x080002c7   Thumb Code     0  startup_stm32f407xx.o(.text)
    EXTI9_5_IRQHandler                       0x080002c7   Thumb Code     0  startup_stm32f407xx.o(.text)
    FLASH_IRQHandler                         0x080002c7   Thumb Code     0  startup_stm32f407xx.o(.text)
    FMC_IRQHandler                           0x080002c7   Thumb Code     0  startup_stm32f407xx.o(.text)
    FPU_IRQHandler                           0x080002c7   Thumb Code     0  startup_stm32f407xx.o(.text)
    HASH_RNG_IRQHandler                      0x080002c7   Thumb Code     0  startup_stm32f407xx.o(.text)
    I2C1_ER_IRQHandler                       0x080002c7   Thumb Code     0  startup_stm32f407xx.o(.text)
    I2C1_EV_IRQHandler                       0x080002c7   Thumb Code     0  startup_stm32f407xx.o(.text)
    I2C2_ER_IRQHandler                       0x080002c7   Thumb Code     0  startup_stm32f407xx.o(.text)
    I2C2_EV_IRQHandler                       0x080002c7   Thumb Code     0  startup_stm32f407xx.o(.text)
    I2C3_ER_IRQHandler                       0x080002c7   Thumb Code     0  startup_stm32f407xx.o(.text)
    I2C3_EV_IRQHandler                       0x080002c7   Thumb Code     0  startup_stm32f407xx.o(.text)
    OTG_FS_IRQHandler                        0x080002c7   Thumb Code     0  startup_stm32f407xx.o(.text)
    OTG_FS_WKUP_IRQHandler                   0x080002c7   Thumb Code     0  startup_stm32f407xx.o(.text)
    OTG_HS_EP1_IN_IRQHandler                 0x080002c7   Thumb Code     0  startup_stm32f407xx.o(.text)
    OTG_HS_EP1_OUT_IRQHandler                0x080002c7   Thumb Code     0  startup_stm32f407xx.o(.text)
    OTG_HS_IRQHandler                        0x080002c7   Thumb Code     0  startup_stm32f407xx.o(.text)
    OTG_HS_WKUP_IRQHandler                   0x080002c7   Thumb Code     0  startup_stm32f407xx.o(.text)
    PVD_IRQHandler                           0x080002c7   Thumb Code     0  startup_stm32f407xx.o(.text)
    RCC_IRQHandler                           0x080002c7   Thumb Code     0  startup_stm32f407xx.o(.text)
    RTC_Alarm_IRQHandler                     0x080002c7   Thumb Code     0  startup_stm32f407xx.o(.text)
    RTC_WKUP_IRQHandler                      0x080002c7   Thumb Code     0  startup_stm32f407xx.o(.text)
    SDIO_IRQHandler                          0x080002c7   Thumb Code     0  startup_stm32f407xx.o(.text)
    SPI1_IRQHandler                          0x080002c7   Thumb Code     0  startup_stm32f407xx.o(.text)
    SPI2_IRQHandler                          0x080002c7   Thumb Code     0  startup_stm32f407xx.o(.text)
    SPI3_IRQHandler                          0x080002c7   Thumb Code     0  startup_stm32f407xx.o(.text)
    TAMP_STAMP_IRQHandler                    0x080002c7   Thumb Code     0  startup_stm32f407xx.o(.text)
    TIM1_BRK_TIM9_IRQHandler                 0x080002c7   Thumb Code     0  startup_stm32f407xx.o(.text)
    TIM1_CC_IRQHandler                       0x080002c7   Thumb Code     0  startup_stm32f407xx.o(.text)
    TIM1_TRG_COM_TIM11_IRQHandler            0x080002c7   Thumb Code     0  startup_stm32f407xx.o(.text)
    TIM1_UP_TIM10_IRQHandler                 0x080002c7   Thumb Code     0  startup_stm32f407xx.o(.text)
    TIM2_IRQHandler                          0x080002c7   Thumb Code     0  startup_stm32f407xx.o(.text)
    TIM3_IRQHandler                          0x080002c7   Thumb Code     0  startup_stm32f407xx.o(.text)
    TIM4_IRQHandler                          0x080002c7   Thumb Code     0  startup_stm32f407xx.o(.text)
    TIM5_IRQHandler                          0x080002c7   Thumb Code     0  startup_stm32f407xx.o(.text)
    TIM6_DAC_IRQHandler                      0x080002c7   Thumb Code     0  startup_stm32f407xx.o(.text)
    TIM7_IRQHandler                          0x080002c7   Thumb Code     0  startup_stm32f407xx.o(.text)
    TIM8_BRK_TIM12_IRQHandler                0x080002c7   Thumb Code     0  startup_stm32f407xx.o(.text)
    TIM8_CC_IRQHandler                       0x080002c7   Thumb Code     0  startup_stm32f407xx.o(.text)
    TIM8_TRG_COM_TIM14_IRQHandler            0x080002c7   Thumb Code     0  startup_stm32f407xx.o(.text)
    TIM8_UP_TIM13_IRQHandler                 0x080002c7   Thumb Code     0  startup_stm32f407xx.o(.text)
    UART4_IRQHandler                         0x080002c7   Thumb Code     0  startup_stm32f407xx.o(.text)
    UART5_IRQHandler                         0x080002c7   Thumb Code     0  startup_stm32f407xx.o(.text)
    USART1_IRQHandler                        0x080002c7   Thumb Code     0  startup_stm32f407xx.o(.text)
    USART2_IRQHandler                        0x080002c7   Thumb Code     0  startup_stm32f407xx.o(.text)
    USART3_IRQHandler                        0x080002c7   Thumb Code     0  startup_stm32f407xx.o(.text)
    USART6_IRQHandler                        0x080002c7   Thumb Code     0  startup_stm32f407xx.o(.text)
    WWDG_IRQHandler                          0x080002c7   Thumb Code     0  startup_stm32f407xx.o(.text)
    __user_initial_stackheap                 0x080002c9   Thumb Code     0  startup_stm32f407xx.o(.text)
    __use_no_semihosting                     0x080002ed   Thumb Code     2  use_no_semi_2.o(.text)
    puts                                     0x080002f1   Thumb Code    40  puts.o(.text)
    freopen                                  0x0800031d   Thumb Code   160  fopen.o(.text)
    fopen                                    0x080003bd   Thumb Code    74  fopen.o(.text)
    _fclose_internal                         0x0800040d   Thumb Code    76  fclose.o(.text)
    fclose                                   0x0800040d   Thumb Code     0  fclose.o(.text)
    strncmp                                  0x08000459   Thumb Code   150  strncmp.o(.text)
    __use_two_region_memory                  0x080004ef   Thumb Code     2  heapauxi.o(.text)
    __rt_heap_escrow                         0x080004f1   Thumb Code     2  heapauxi.o(.text)
    __rt_heap_expand                         0x080004f3   Thumb Code     2  heapauxi.o(.text)
    __I$use$semihosting                      0x080004f5   Thumb Code     0  use_no_semi.o(.text)
    __use_no_semihosting_swi                 0x080004f5   Thumb Code     2  use_no_semi.o(.text)
    malloc                                   0x080004f7   Thumb Code    94  h1_alloc.o(.text)
    free                                     0x08000555   Thumb Code    78  h1_free.o(.text)
    _fseek                                   0x080005a5   Thumb Code   242  fseek.o(.text)
    fseek                                    0x080005a5   Thumb Code     0  fseek.o(.text)
    _seterr                                  0x0800069d   Thumb Code    20  stdio.o(.text)
    _writebuf                                0x080006b1   Thumb Code   108  stdio.o(.text)
    _fflush                                  0x0800071d   Thumb Code    70  stdio.o(.text)
    _deferredlazyseek                        0x08000763   Thumb Code    60  stdio.o(.text)
    __aeabi_memclr4                          0x080007a5   Thumb Code     0  rt_memclr_w.o(.text)
    __aeabi_memclr8                          0x080007a5   Thumb Code     0  rt_memclr_w.o(.text)
    __rt_memclr_w                            0x080007a5   Thumb Code     0  rt_memclr_w.o(.text)
    _memset_w                                0x080007a9   Thumb Code    74  rt_memclr_w.o(.text)
    __rt_heap_descriptor                     0x080007f5   Thumb Code     8  rt_heap_descriptor_intlibspace.o(.text)
    __use_no_heap                            0x080007fd   Thumb Code     2  hguard.o(.text)
    __heap$guard                             0x080007ff   Thumb Code     2  hguard.o(.text)
    _terminate_user_alloc                    0x08000801   Thumb Code     2  init_alloc.o(.text)
    _init_user_alloc                         0x08000803   Thumb Code     2  init_alloc.o(.text)
    __Heap_Full                              0x08000805   Thumb Code    34  init_alloc.o(.text)
    __Heap_Broken                            0x08000827   Thumb Code     6  init_alloc.o(.text)
    _init_alloc                              0x0800082d   Thumb Code    94  init_alloc.o(.text)
    __Heap_Initialize                        0x0800088b   Thumb Code     8  h1_init.o(.text)
    __Heap_DescSize                          0x08000893   Thumb Code     4  h1_init.o(.text)
    __flsbuf                                 0x08000897   Thumb Code   482  flsbuf.o(.text)
    __flsbuf_byte                            0x08000897   Thumb Code     0  flsbuf.o(.text)
    __flsbuf_wide                            0x08000897   Thumb Code     0  flsbuf.o(.text)
    _ftell_internal                          0x08000a79   Thumb Code    66  ftell.o(.text)
    ftell                                    0x08000a79   Thumb Code     0  ftell.o(.text)
    _initio                                  0x08000abd   Thumb Code   210  initio.o(.text)
    _terminateio                             0x08000b8f   Thumb Code    56  initio.o(.text)
    __aeabi_memcpy4                          0x08000bf5   Thumb Code     0  rt_memcpy_w.o(.text)
    __aeabi_memcpy8                          0x08000bf5   Thumb Code     0  rt_memcpy_w.o(.text)
    __rt_memcpy_w                            0x08000bf5   Thumb Code   100  rt_memcpy_w.o(.text)
    _memcpy_lastbytes_aligned                0x08000c3d   Thumb Code     0  rt_memcpy_w.o(.text)
    __user_libspace                          0x08000c59   Thumb Code     8  libspace.o(.text)
    __user_perproc_libspace                  0x08000c59   Thumb Code     0  libspace.o(.text)
    __user_perthread_libspace                0x08000c59   Thumb Code     0  libspace.o(.text)
    __user_setup_stackheap                   0x08000c61   Thumb Code    74  sys_stackheap_outer.o(.text)
    __aeabi_errno_addr                       0x08000cad   Thumb Code     8  rt_errno_addr_intlibspace.o(.text)
    __errno$intlibspace                      0x08000cad   Thumb Code     0  rt_errno_addr_intlibspace.o(.text)
    __rt_errno_addr$intlibspace              0x08000cad   Thumb Code     0  rt_errno_addr_intlibspace.o(.text)
    __Heap_ProvideMemory                     0x08000cb5   Thumb Code    52  h1_extend.o(.text)
    _maybe_terminate_alloc                   0x08000cb5   Thumb Code     0  maybetermalloc1.o(.text)
    setvbuf                                  0x08000ce9   Thumb Code    70  setvbuf.o(.text)
    fwrite                                   0x08000d2f   Thumb Code   214  fwritefast.o(.text)
    exit                                     0x08000e05   Thumb Code    18  exit.o(.text)
    __rt_SIGRTRED                            0x08000e17   Thumb Code    14  defsig_rtred_outer.o(.text)
    __rt_SIGRTMEM                            0x08000e25   Thumb Code    14  defsig_rtmem_outer.o(.text)
    __sig_exit                               0x08000e33   Thumb Code    10  defsig_exit.o(.text)
    __rt_SIGRTRED_inner                      0x08000e3d   Thumb Code    14  defsig_rtred_inner.o(.text)
    __rt_SIGRTMEM_inner                      0x08000e71   Thumb Code    22  defsig_rtmem_inner.o(.text)
    __aeabi_memcpy                           0x08000ec1   Thumb Code     0  rt_memcpy_v6.o(.text)
    __rt_memcpy                              0x08000ec1   Thumb Code   138  rt_memcpy_v6.o(.text)
    _memcpy_lastbytes                        0x08000f27   Thumb Code     0  rt_memcpy_v6.o(.text)
    __default_signal_display                 0x08000f4b   Thumb Code    50  defsig_general.o(.text)
    Delay                                    0x08000f7d   Thumb Code    22  main.o(.text.Delay)
    SysTick_Handler                          0x08000f95   Thumb Code    34  handlers.o(.text.SysTick_Handler)
    SystemInit                               0x08000fb9   Thumb Code    42  system_stm32f4xx.o(.text.SystemInit)
    _sys_close                               0x08000fe5   Thumb Code     4  retarget.o(.text._sys_close)
    _sys_exit                                0x08000fe9   Thumb Code     2  retarget.o(.text._sys_exit)
    _sys_flen                                0x08000fed   Thumb Code    20  retarget_io.o(.text._sys_flen)
    _sys_istty                               0x08001001   Thumb Code    32  retarget.o(.text._sys_istty)
    _sys_open                                0x08001021   Thumb Code    84  retarget.o(.text._sys_open)
    _sys_seek                                0x08001095   Thumb Code     6  retarget_io.o(.text._sys_seek)
    _sys_write                               0x0800109d   Thumb Code    66  retarget.o(.text._sys_write)
    _ttywrch                                 0x080010e1   Thumb Code     4  retarget.o(.text._ttywrch)
    init_CLOCK                               0x080010e5   Thumb Code   190  init.o(.text.init_CLOCK)
    init_FlashAccess                         0x080011a5   Thumb Code    40  init.o(.text.init_FlashAccess)
    init_SysTick                             0x080011cd   Thumb Code    58  init.o(.text.init_SysTick)
    init_USART2                              0x08001209   Thumb Code   134  init.o(.text.init_USART2)
    main                                     0x08001291   Thumb Code   304  main.o(.text.main)
    send_char_morse                          0x08001405   Thumb Code   112  low_level_morse[4].o(.text.send_char_morse)
    sendchar_USART2                          0x08001475   Thumb Code    20  main.o(.text.sendchar_USART2)
    fputc                                    0x08001489   Thumb Code    28  fputc.o(i.fputc)
    _fp_init                                 0x080014a5   Thumb Code    26  fpinit.o(x$fpl$fpinit)
    __fplib_config_fpu_vfp                   0x080014bd   Thumb Code     0  fpinit.o(x$fpl$fpinit)
    __fplib_config_pureend_doubles           0x080014bd   Thumb Code     0  fpinit.o(x$fpl$fpinit)
    __stderr_name                            0x080014be   Data           8  retarget_io.o(.rodata.__stderr_name)
    __stdin_name                             0x080014c6   Data           7  retarget_io.o(.rodata.__stdin_name)
    __stdout_name                            0x080014cd   Data           8  retarget_io.o(.rodata.__stdout_name)
    Region$$Table$$Base                      0x080014d8   Number         0  anon$$obj.o(Region$$Table)
    Region$$Table$$Limit                     0x080014f8   Number         0  anon$$obj.o(Region$$Table)
    __aeabi_stdin                            0x20000000   Data           4  stdio_streams.o(.data)
    __aeabi_stdout                           0x20000004   Data           4  stdio_streams.o(.data)
    __aeabi_stderr                           0x20000008   Data           4  stdio_streams.o(.data)
    __stdin                                  0x20000258   Data          84  stdio_streams.o(.bss)
    __stdout                                 0x200002ac   Data          84  stdio_streams.o(.bss)
    __stderr                                 0x20000300   Data          84  stdio_streams.o(.bss)
    __libspace_start                         0x20000354   Data          96  libspace.o(.bss)
    __temporary_stack_top$libspace           0x200003b4   Data           0  libspace.o(.bss)
    msTicks                                  0x200003b4   Data           4  handlers.o(.bss.msTicks)



==============================================================================

Memory Map of the image

  Image Entry point : 0x08000189

  Load Region LR_IROM1 (Base: 0x08000000, Size: 0x00001750, Max: 0x00100000, ABSOLUTE, COMPRESSED[0x00001598])

    Execution Region ER_IROM1 (Exec base: 0x08000000, Load base: 0x08000000, Size: 0x000014f8, Max: 0x00100000, ABSOLUTE)

    Exec Addr    Load Addr    Size         Type   Attr      Idx    E Section Name        Object

    0x08000000   0x08000000   0x00000188   Data   RO          109    RESET               startup_stm32f407xx.o
    0x08000188   0x08000188   0x00000008   Code   RO          153  * !!!main             c_w.l(__main.o)
    0x08000190   0x08000190   0x0000005c   Code   RO          478    !!!scatter          c_w.l(__scatter.o)
    0x080001ec   0x080001ec   0x00000064   Code   RO          476    !!dclz77c           c_w.l(__dclz77c.o)
    0x08000250   0x08000250   0x00000002   Code   RO          479    !!handler_null      c_w.l(__scatter.o)
    0x08000252   0x08000252   0x00000002   PAD
    0x08000254   0x08000254   0x0000001c   Code   RO          482    !!handler_zi        c_w.l(__scatter_zi.o)
    0x08000270   0x08000270   0x00000002   Code   RO          394    .ARM.Collect$$libinit$$00000000  c_w.l(libinit.o)
    0x08000272   0x08000272   0x00000004   Code   RO          291    .ARM.Collect$$libinit$$00000001  c_w.l(libinit2.o)
    0x08000276   0x08000276   0x00000000   Code   RO          294    .ARM.Collect$$libinit$$00000004  c_w.l(libinit2.o)
    0x08000276   0x08000276   0x00000000   Code   RO          296    .ARM.Collect$$libinit$$00000006  c_w.l(libinit2.o)
    0x08000276   0x08000276   0x00000008   Code   RO          297    .ARM.Collect$$libinit$$00000007  c_w.l(libinit2.o)
    0x0800027e   0x0800027e   0x00000000   Code   RO          299    .ARM.Collect$$libinit$$0000000C  c_w.l(libinit2.o)
    0x0800027e   0x0800027e   0x00000000   Code   RO          301    .ARM.Collect$$libinit$$0000000E  c_w.l(libinit2.o)
    0x0800027e   0x0800027e   0x00000000   Code   RO          303    .ARM.Collect$$libinit$$00000010  c_w.l(libinit2.o)
    0x0800027e   0x0800027e   0x00000000   Code   RO          306    .ARM.Collect$$libinit$$00000013  c_w.l(libinit2.o)
    0x0800027e   0x0800027e   0x00000000   Code   RO          308    .ARM.Collect$$libinit$$00000015  c_w.l(libinit2.o)
    0x0800027e   0x0800027e   0x00000000   Code   RO          310    .ARM.Collect$$libinit$$00000017  c_w.l(libinit2.o)
    0x0800027e   0x0800027e   0x00000000   Code   RO          312    .ARM.Collect$$libinit$$00000019  c_w.l(libinit2.o)
    0x0800027e   0x0800027e   0x00000000   Code   RO          314    .ARM.Collect$$libinit$$0000001B  c_w.l(libinit2.o)
    0x0800027e   0x0800027e   0x00000000   Code   RO          316    .ARM.Collect$$libinit$$0000001D  c_w.l(libinit2.o)
    0x0800027e   0x0800027e   0x00000000   Code   RO          318    .ARM.Collect$$libinit$$0000001F  c_w.l(libinit2.o)
    0x0800027e   0x0800027e   0x00000000   Code   RO          320    .ARM.Collect$$libinit$$00000021  c_w.l(libinit2.o)
    0x0800027e   0x0800027e   0x00000000   Code   RO          322    .ARM.Collect$$libinit$$00000023  c_w.l(libinit2.o)
    0x0800027e   0x0800027e   0x00000000   Code   RO          324    .ARM.Collect$$libinit$$00000025  c_w.l(libinit2.o)
    0x0800027e   0x0800027e   0x00000004   Code   RO          325    .ARM.Collect$$libinit$$00000026  c_w.l(libinit2.o)
    0x08000282   0x08000282   0x00000000   Code   RO          326    .ARM.Collect$$libinit$$00000027  c_w.l(libinit2.o)
    0x08000282   0x08000282   0x00000000   Code   RO          330    .ARM.Collect$$libinit$$0000002E  c_w.l(libinit2.o)
    0x08000282   0x08000282   0x00000000   Code   RO          332    .ARM.Collect$$libinit$$00000030  c_w.l(libinit2.o)
    0x08000282   0x08000282   0x00000000   Code   RO          334    .ARM.Collect$$libinit$$00000032  c_w.l(libinit2.o)
    0x08000282   0x08000282   0x00000000   Code   RO          336    .ARM.Collect$$libinit$$00000034  c_w.l(libinit2.o)
    0x08000282   0x08000282   0x00000002   Code   RO          337    .ARM.Collect$$libinit$$00000035  c_w.l(libinit2.o)
    0x08000284   0x08000284   0x00000002   Code   RO          459    .ARM.Collect$$libshutdown$$00000000  c_w.l(libshutdown.o)
    0x08000286   0x08000286   0x00000000   Code   RO          396    .ARM.Collect$$libshutdown$$00000002  c_w.l(libshutdown2.o)
    0x08000286   0x08000286   0x00000004   Code   RO          397    .ARM.Collect$$libshutdown$$00000003  c_w.l(libshutdown2.o)
    0x0800028a   0x0800028a   0x00000000   Code   RO          398    .ARM.Collect$$libshutdown$$00000004  c_w.l(libshutdown2.o)
    0x0800028a   0x0800028a   0x00000000   Code   RO          401    .ARM.Collect$$libshutdown$$00000007  c_w.l(libshutdown2.o)
    0x0800028a   0x0800028a   0x00000000   Code   RO          404    .ARM.Collect$$libshutdown$$0000000A  c_w.l(libshutdown2.o)
    0x0800028a   0x0800028a   0x00000000   Code   RO          406    .ARM.Collect$$libshutdown$$0000000C  c_w.l(libshutdown2.o)
    0x0800028a   0x0800028a   0x00000000   Code   RO          409    .ARM.Collect$$libshutdown$$0000000F  c_w.l(libshutdown2.o)
    0x0800028a   0x0800028a   0x00000002   Code   RO          410    .ARM.Collect$$libshutdown$$00000010  c_w.l(libshutdown2.o)
    0x0800028c   0x0800028c   0x00000000   Code   RO          159    .ARM.Collect$$rtentry$$00000000  c_w.l(__rtentry.o)
    0x0800028c   0x0800028c   0x00000000   Code   RO          242    .ARM.Collect$$rtentry$$00000002  c_w.l(__rtentry2.o)
    0x0800028c   0x0800028c   0x00000006   Code   RO          254    .ARM.Collect$$rtentry$$00000004  c_w.l(__rtentry4.o)
    0x08000292   0x08000292   0x00000000   Code   RO          244    .ARM.Collect$$rtentry$$00000009  c_w.l(__rtentry2.o)
    0x08000292   0x08000292   0x00000004   Code   RO          245    .ARM.Collect$$rtentry$$0000000A  c_w.l(__rtentry2.o)
    0x08000296   0x08000296   0x00000000   Code   RO          247    .ARM.Collect$$rtentry$$0000000C  c_w.l(__rtentry2.o)
    0x08000296   0x08000296   0x00000008   Code   RO          248    .ARM.Collect$$rtentry$$0000000D  c_w.l(__rtentry2.o)
    0x0800029e   0x0800029e   0x00000002   Code   RO          414    .ARM.Collect$$rtexit$$00000000  c_w.l(rtexit.o)
    0x080002a0   0x080002a0   0x00000000   Code   RO          441    .ARM.Collect$$rtexit$$00000002  c_w.l(rtexit2.o)
    0x080002a0   0x080002a0   0x00000004   Code   RO          442    .ARM.Collect$$rtexit$$00000003  c_w.l(rtexit2.o)
    0x080002a4   0x080002a4   0x00000006   Code   RO          443    .ARM.Collect$$rtexit$$00000004  c_w.l(rtexit2.o)
    0x080002aa   0x080002aa   0x00000002   PAD
    0x080002ac   0x080002ac   0x00000040   Code   RO          110    .text               startup_stm32f407xx.o
    0x080002ec   0x080002ec   0x00000002   Code   RO          133    .text               c_w.l(use_no_semi_2.o)
    0x080002ee   0x080002ee   0x00000002   PAD
    0x080002f0   0x080002f0   0x0000002c   Code   RO          137    .text               c_w.l(puts.o)
    0x0800031c   0x0800031c   0x000000f0   Code   RO          139    .text               c_w.l(fopen.o)
    0x0800040c   0x0800040c   0x0000004c   Code   RO          141    .text               c_w.l(fclose.o)
    0x08000458   0x08000458   0x00000096   Code   RO          147    .text               c_w.l(strncmp.o)
    0x080004ee   0x080004ee   0x00000006   Code   RO          151    .text               c_w.l(heapauxi.o)
    0x080004f4   0x080004f4   0x00000002   Code   RO          155    .text               c_w.l(use_no_semi.o)
    0x080004f6   0x080004f6   0x0000005e   Code   RO          164    .text               c_w.l(h1_alloc.o)
    0x08000554   0x08000554   0x0000004e   Code   RO          166    .text               c_w.l(h1_free.o)
    0x080005a2   0x080005a2   0x00000002   PAD
    0x080005a4   0x080005a4   0x000000f8   Code   RO          226    .text               c_w.l(fseek.o)
    0x0800069c   0x0800069c   0x00000108   Code   RO          228    .text               c_w.l(stdio.o)
    0x080007a4   0x080007a4   0x0000004e   Code   RO          239    .text               c_w.l(rt_memclr_w.o)
    0x080007f2   0x080007f2   0x00000002   PAD
    0x080007f4   0x080007f4   0x00000008   Code   RO          259    .text               c_w.l(rt_heap_descriptor_intlibspace.o)
    0x080007fc   0x080007fc   0x00000004   Code   RO          261    .text               c_w.l(hguard.o)
    0x08000800   0x08000800   0x0000008a   Code   RO          263    .text               c_w.l(init_alloc.o)
    0x0800088a   0x0800088a   0x0000000c   Code   RO          267    .text               c_w.l(h1_init.o)
    0x08000896   0x08000896   0x000001e2   Code   RO          279    .text               c_w.l(flsbuf.o)
    0x08000a78   0x08000a78   0x00000042   Code   RO          281    .text               c_w.l(ftell.o)
    0x08000aba   0x08000aba   0x00000002   PAD
    0x08000abc   0x08000abc   0x00000138   Code   RO          283    .text               c_w.l(initio.o)
    0x08000bf4   0x08000bf4   0x00000064   Code   RO          287    .text               c_w.l(rt_memcpy_w.o)
    0x08000c58   0x08000c58   0x00000008   Code   RO          344    .text               c_w.l(libspace.o)
    0x08000c60   0x08000c60   0x0000004a   Code   RO          347    .text               c_w.l(sys_stackheap_outer.o)
    0x08000caa   0x08000caa   0x00000002   PAD
    0x08000cac   0x08000cac   0x00000008   Code   RO          352    .text               c_w.l(rt_errno_addr_intlibspace.o)
    0x08000cb4   0x08000cb4   0x00000000   Code   RO          356    .text               c_w.l(maybetermalloc1.o)
    0x08000cb4   0x08000cb4   0x00000034   Code   RO          358    .text               c_w.l(h1_extend.o)
    0x08000ce8   0x08000ce8   0x00000046   Code   RO          362    .text               c_w.l(setvbuf.o)
    0x08000d2e   0x08000d2e   0x000000d6   Code   RO          364    .text               c_w.l(fwritefast.o)
    0x08000e04   0x08000e04   0x00000012   Code   RO          372    .text               c_w.l(exit.o)
    0x08000e16   0x08000e16   0x0000000e   Code   RO          374    .text               c_w.l(defsig_rtred_outer.o)
    0x08000e24   0x08000e24   0x0000000e   Code   RO          378    .text               c_w.l(defsig_rtmem_outer.o)
    0x08000e32   0x08000e32   0x0000000a   Code   RO          428    .text               c_w.l(defsig_exit.o)
    0x08000e3c   0x08000e3c   0x00000034   Code   RO          430    .text               c_w.l(defsig_rtred_inner.o)
    0x08000e70   0x08000e70   0x00000050   Code   RO          432    .text               c_w.l(defsig_rtmem_inner.o)
    0x08000ec0   0x08000ec0   0x0000008a   Code   RO          434    .text               c_w.l(rt_memcpy_v6.o)
    0x08000f4a   0x08000f4a   0x00000032   Code   RO          453    .text               c_w.l(defsig_general.o)
    0x08000f7c   0x08000f7c   0x00000016   Code   RO            2    .text.Delay         main.o
    0x08000f92   0x08000f92   0x00000002   PAD
    0x08000f94   0x08000f94   0x00000022   Code   RO           34    .text.SysTick_Handler  handlers.o
    0x08000fb6   0x08000fb6   0x00000002   PAD
    0x08000fb8   0x08000fb8   0x0000002a   Code   RO          117    .text.SystemInit    system_stm32f4xx.o
    0x08000fe2   0x08000fe2   0x00000002   PAD
    0x08000fe4   0x08000fe4   0x00000004   Code   RO           53    .text._sys_close    retarget.o
    0x08000fe8   0x08000fe8   0x00000002   Code   RO           55    .text._sys_exit     retarget.o
    0x08000fea   0x08000fea   0x00000002   PAD
    0x08000fec   0x08000fec   0x00000014   Code   RO           95    .text._sys_flen     retarget_io.o
    0x08001000   0x08001000   0x00000020   Code   RO           45    .text._sys_istty    retarget.o
    0x08001020   0x08001020   0x00000074   Code   RO           43    .text._sys_open     retarget.o
    0x08001094   0x08001094   0x00000006   Code   RO           93    .text._sys_seek     retarget_io.o
    0x0800109a   0x0800109a   0x00000002   PAD
    0x0800109c   0x0800109c   0x00000042   Code   RO           47    .text._sys_write    retarget.o
    0x080010de   0x080010de   0x00000002   PAD
    0x080010e0   0x080010e0   0x00000004   Code   RO           49    .text._ttywrch      retarget.o
    0x080010e4   0x080010e4   0x000000be   Code   RO           19    .text.init_CLOCK    init.o
    0x080011a2   0x080011a2   0x00000002   PAD
    0x080011a4   0x080011a4   0x00000028   Code   RO           21    .text.init_FlashAccess  init.o
    0x080011cc   0x080011cc   0x0000003a   Code   RO           23    .text.init_SysTick  init.o
    0x08001206   0x08001206   0x00000002   PAD
    0x08001208   0x08001208   0x00000086   Code   RO           25    .text.init_USART2   init.o
    0x0800128e   0x0800128e   0x00000002   PAD
    0x08001290   0x08001290   0x00000174   Code   RO            6    .text.main          main.o
    0x08001404   0x08001404   0x00000070   Code   RO           67    .text.send_char_morse  low_level_morse[4].o
    0x08001474   0x08001474   0x00000014   Code   RO            4    .text.sendchar_USART2  main.o
    0x08001488   0x08001488   0x0000001c   Code   RO          223    i.fputc             c_w.l(fputc.o)
    0x080014a4   0x080014a4   0x0000001a   Code   RO          411    x$fpl$fpinit        fz_wm.l(fpinit.o)
    0x080014be   0x080014be   0x00000008   Data   RO           99    .rodata.__stderr_name  retarget_io.o
    0x080014c6   0x080014c6   0x00000007   Data   RO           97    .rodata.__stdin_name  retarget_io.o
    0x080014cd   0x080014cd   0x00000008   Data   RO           98    .rodata.__stdout_name  retarget_io.o
    0x080014d5   0x080014d5   0x00000003   PAD
    0x080014d8   0x080014d8   0x00000020   Data   RO          475    Region$$Table       anon$$obj.o


    Execution Region RW_IRAM1 (Exec base: 0x20000000, Load base: 0x080014f8, Size: 0x000009b8, Max: 0x00020000, ABSOLUTE, COMPRESSED[0x000000a0])

    Exec Addr    Load Addr    Size         Type   Attr      Idx    E Section Name        Object

    0x20000000   COMPRESSED   0x00000004   Data   RW          234    .data               c_w.l(stdio_streams.o)
    0x20000004   COMPRESSED   0x00000004   Data   RW          235    .data               c_w.l(stdio_streams.o)
    0x20000008   COMPRESSED   0x00000004   Data   RW          236    .data               c_w.l(stdio_streams.o)
    0x2000000c   COMPRESSED   0x00000240   Data   RW           74    .data.morse_code.M  low_level_morse[4].o
    0x2000024c   COMPRESSED   0x00000006   Data   RW           73    .data.morse_code.Mdummy  low_level_morse[4].o
    0x20000252   COMPRESSED   0x00000006   PAD
    0x20000258        -       0x00000054   Zero   RW          231    .bss                c_w.l(stdio_streams.o)
    0x200002ac        -       0x00000054   Zero   RW          232    .bss                c_w.l(stdio_streams.o)
    0x20000300        -       0x00000054   Zero   RW          233    .bss                c_w.l(stdio_streams.o)
    0x20000354        -       0x00000060   Zero   RW          345    .bss                c_w.l(libspace.o)
    0x200003b4        -       0x00000004   Zero   RW           36    .bss.msTicks        handlers.o
    0x200003b8        -       0x00000200   Zero   RW          108    HEAP                startup_stm32f407xx.o
    0x200005b8        -       0x00000400   Zero   RW          107    STACK               startup_stm32f407xx.o


==============================================================================

Image component sizes


      Code (inc. data)   RO Data    RW Data    ZI Data      Debug   Object Name

        34          0          0          0          4        566   handlers.o
       422          0          0          0          0       3465   init.o
       112          0          0        582          0       1915   low_level_morse[4].o
       414         68          0          0          0       3162   main.o
       224         32          0          0          0       2157   retarget.o
        26          0         23          0          0       2703   retarget_io.o
        64         26        392          0       1536        896   startup_stm32f407xx.o
        42          0          0          0          0       3017   system_stm32f4xx.o

    ----------------------------------------------------------------------
      1356        126        450        584       1544      17881   Object Totals
         0          0         32          0          0          0   (incl. Generated)
        18          0          3          2          4          0   (incl. Padding)

    ----------------------------------------------------------------------

      Code (inc. data)   RO Data    RW Data    ZI Data      Debug   Library Member Name

       100          0          0          0          0          0   __dclz77c.o
         8          0          0          0          0         68   __main.o
         0          0          0          0          0          0   __rtentry.o
        12          0          0          0          0          0   __rtentry2.o
         6          0          0          0          0          0   __rtentry4.o
        94          8          0          0          0          0   __scatter.o
        28          0          0          0          0          0   __scatter_zi.o
        10          0          0          0          0         68   defsig_exit.o
        50          0          0          0          0         88   defsig_general.o
        80         58          0          0          0         76   defsig_rtmem_inner.o
        14          0          0          0          0         80   defsig_rtmem_outer.o
        52         38          0          0          0         76   defsig_rtred_inner.o
        14          0          0          0          0         80   defsig_rtred_outer.o
        18          0          0          0          0         80   exit.o
        76          0          0          0          0         88   fclose.o
       482          0          0          0          0         92   flsbuf.o
       240          6          0          0          0        128   fopen.o
        28          0          0          0          0         68   fputc.o
       248          6          0          0          0         84   fseek.o
        66          0          0          0          0         76   ftell.o
       214          0          0          0          0         96   fwritefast.o
        94          0          0          0          0         80   h1_alloc.o
        52          0          0          0          0         68   h1_extend.o
        78          0          0          0          0         80   h1_free.o
        12          0          0          0          0         84   h1_init.o
         6          0          0          0          0        152   heapauxi.o
         4          0          0          0          0        136   hguard.o
       138          0          0          0          0        168   init_alloc.o
       312         46          0          0          0        112   initio.o
         2          0          0          0          0          0   libinit.o
        18          0          0          0          0          0   libinit2.o
         2          0          0          0          0          0   libshutdown.o
         6          0          0          0          0          0   libshutdown2.o
         8          4          0          0         96         68   libspace.o
         0          0          0          0          0          0   maybetermalloc1.o
        44          4          0          0          0         84   puts.o
         8          4          0          0          0         68   rt_errno_addr_intlibspace.o
         8          4          0          0          0         68   rt_heap_descriptor_intlibspace.o
        78          0          0          0          0         80   rt_memclr_w.o
       138          0          0          0          0         68   rt_memcpy_v6.o
       100          0          0          0          0         80   rt_memcpy_w.o
         2          0          0          0          0          0   rtexit.o
        10          0          0          0          0          0   rtexit2.o
        70          0          0          0          0         80   setvbuf.o
       264          6          0          0          0        160   stdio.o
         0          0          0         12        252          0   stdio_streams.o
       150          0          0          0          0         80   strncmp.o
        74          0          0          0          0         80   sys_stackheap_outer.o
         2          0          0          0          0         68   use_no_semi.o
         2          0          0          0          0         68   use_no_semi_2.o
        26          0          0          0          0        116   fpinit.o

    ----------------------------------------------------------------------
      3562        184          0         12        348       3296   Library Totals
        14          0          0          0          0          0   (incl. Padding)

    ----------------------------------------------------------------------

      Code (inc. data)   RO Data    RW Data    ZI Data      Debug   Library Name

      3522        184          0         12        348       3180   c_w.l
        26          0          0          0          0        116   fz_wm.l

    ----------------------------------------------------------------------
      3562        184          0         12        348       3296   Library Totals

    ----------------------------------------------------------------------

==============================================================================


      Code (inc. data)   RO Data    RW Data    ZI Data      Debug   

      4918        310        450        596       1892      19409   Grand Totals
      4918        310        450        160       1892      19409   ELF Image Totals (compressed)
      4918        310        450        160          0          0   ROM Totals

==============================================================================

    Total RO  Size (Code + RO Data)                 5368 (   5.24kB)
    Total RW  Size (RW Data + ZI Data)              2488 (   2.43kB)
    Total ROM Size (Code + RO Data + RW Data)       5528 (   5.40kB)

==============================================================================

